Component: ARM Compiler 5.06 update 1 (build 61) Tool: armlink [4d35a8]

==============================================================================

Section Cross References

    startup_stm32l073xx.o(RESET) refers to startup_stm32l073xx.o(STACK) for __initial_sp
    startup_stm32l073xx.o(RESET) refers to startup_stm32l073xx.o(.text) for Reset_Handler
    startup_stm32l073xx.o(RESET) refers to stm32l0xx_it.o(i.NMI_Handler) for NMI_Handler
    startup_stm32l073xx.o(RESET) refers to stm32l0xx_it.o(i.HardFault_Handler) for HardFault_Handler
    startup_stm32l073xx.o(RESET) refers to stm32l0xx_it.o(i.SVC_Handler) for SVC_Handler
    startup_stm32l073xx.o(RESET) refers to stm32l0xx_it.o(i.PendSV_Handler) for PendSV_Handler
    startup_stm32l073xx.o(RESET) refers to clock.o(i.SysTick_Handler) for SysTick_Handler
    startup_stm32l073xx.o(RESET) refers to stm32l0xx_it.o(i.RTC_IRQHandler) for RTC_IRQHandler
    startup_stm32l073xx.o(RESET) refers to gpio-board.o(i.EXTI0_1_IRQHandler) for EXTI0_1_IRQHandler
    startup_stm32l073xx.o(RESET) refers to gpio-board.o(i.EXTI2_3_IRQHandler) for EXTI2_3_IRQHandler
    startup_stm32l073xx.o(RESET) refers to gpio-board.o(i.EXTI4_15_IRQHandler) for EXTI4_15_IRQHandler
    startup_stm32l073xx.o(RESET) refers to stm32l0xx_it.o(i.USART4_5_IRQHandler) for USART4_5_IRQHandler
    startup_stm32l073xx.o(RESET) refers to stm32l0xx_it.o(i.TIM2_IRQHandler) for TIM2_IRQHandler
    startup_stm32l073xx.o(RESET) refers to stm32l0xx_it.o(i.USART2_IRQHandler) for USART2_IRQHandler
    startup_stm32l073xx.o(.text) refers to system_stm32l0xx.o(i.SystemInit) for SystemInit
    startup_stm32l073xx.o(.text) refers to entry.o(.ARM.Collect$$$$00000000) for __main
    system_stm32l0xx.o(i.SystemCoreClockUpdate) refers to uidiv.o(.text) for __aeabi_uidivmod
    system_stm32l0xx.o(i.SystemCoreClockUpdate) refers to system_stm32l0xx.o(.data) for SystemCoreClock
    system_stm32l0xx.o(i.SystemCoreClockUpdate) refers to system_stm32l0xx.o(.constdata) for PLLMulTable
    stm32l0xx_hal.o(i.HAL_DeInit) refers to stm32l0xx_hal_msp_template.o(i.HAL_MspDeInit) for HAL_MspDeInit
    stm32l0xx_hal.o(i.HAL_Delay) refers to stm32l0xx_hal.o(i.HAL_GetTick) for HAL_GetTick
    stm32l0xx_hal.o(i.HAL_GetTick) refers to stm32l0xx_hal.o(.data) for uwTick
    stm32l0xx_hal.o(i.HAL_IncTick) refers to stm32l0xx_hal.o(.data) for uwTick
    stm32l0xx_hal.o(i.HAL_Init) refers to stm32l0xx_hal.o(i.HAL_InitTick) for HAL_InitTick
    stm32l0xx_hal.o(i.HAL_Init) refers to stm32l0xx_hal_msp_template.o(i.HAL_MspInit) for HAL_MspInit
    stm32l0xx_hal.o(i.HAL_InitTick) refers to uidiv.o(.text) for __aeabi_uidivmod
    stm32l0xx_hal.o(i.HAL_InitTick) refers to stm32l0xx_hal_cortex.o(i.HAL_SYSTICK_Config) for HAL_SYSTICK_Config
    stm32l0xx_hal.o(i.HAL_InitTick) refers to stm32l0xx_hal_cortex.o(i.HAL_NVIC_SetPriority) for HAL_NVIC_SetPriority
    stm32l0xx_hal.o(i.HAL_InitTick) refers to system_stm32l0xx.o(.data) for SystemCoreClock
    stm32l0xx_hal_adc.o(i.ADC_ConversionStop) refers to stm32l0xx_hal.o(i.HAL_GetTick) for HAL_GetTick
    stm32l0xx_hal_adc.o(i.ADC_DMAConvCplt) refers to stm32l0xx_hal_adc.o(i.HAL_ADC_ConvCpltCallback) for HAL_ADC_ConvCpltCallback
    stm32l0xx_hal_adc.o(i.ADC_DMAError) refers to stm32l0xx_hal_adc.o(i.HAL_ADC_ErrorCallback) for HAL_ADC_ErrorCallback
    stm32l0xx_hal_adc.o(i.ADC_DMAHalfConvCplt) refers to stm32l0xx_hal_adc.o(i.HAL_ADC_ConvHalfCpltCallback) for HAL_ADC_ConvHalfCpltCallback
    stm32l0xx_hal_adc.o(i.ADC_DelayMicroSecond) refers to uidiv.o(.text) for __aeabi_uidivmod
    stm32l0xx_hal_adc.o(i.ADC_DelayMicroSecond) refers to system_stm32l0xx.o(.data) for SystemCoreClock
    stm32l0xx_hal_adc.o(i.ADC_Disable) refers to stm32l0xx_hal.o(i.HAL_GetTick) for HAL_GetTick
    stm32l0xx_hal_adc.o(i.ADC_Enable) refers to stm32l0xx_hal_adc.o(i.ADC_DelayMicroSecond) for ADC_DelayMicroSecond
    stm32l0xx_hal_adc.o(i.ADC_Enable) refers to stm32l0xx_hal.o(i.HAL_GetTick) for HAL_GetTick
    stm32l0xx_hal_adc.o(i.HAL_ADC_ConfigChannel) refers to stm32l0xx_hal_adc.o(i.ADC_DelayMicroSecond) for ADC_DelayMicroSecond
    stm32l0xx_hal_adc.o(i.HAL_ADC_DeInit) refers to stm32l0xx_hal_adc.o(i.ADC_ConversionStop) for ADC_ConversionStop
    stm32l0xx_hal_adc.o(i.HAL_ADC_DeInit) refers to stm32l0xx_hal_adc.o(i.ADC_Disable) for ADC_Disable
    stm32l0xx_hal_adc.o(i.HAL_ADC_DeInit) refers to adc.o(i.HAL_ADC_MspDeInit) for HAL_ADC_MspDeInit
    stm32l0xx_hal_adc.o(i.HAL_ADC_IRQHandler) refers to stm32l0xx_hal_adc.o(i.HAL_ADC_ConvCpltCallback) for HAL_ADC_ConvCpltCallback
    stm32l0xx_hal_adc.o(i.HAL_ADC_IRQHandler) refers to stm32l0xx_hal_adc.o(i.HAL_ADC_LevelOutOfWindowCallback) for HAL_ADC_LevelOutOfWindowCallback
    stm32l0xx_hal_adc.o(i.HAL_ADC_IRQHandler) refers to stm32l0xx_hal_adc.o(i.HAL_ADC_ErrorCallback) for HAL_ADC_ErrorCallback
    stm32l0xx_hal_adc.o(i.HAL_ADC_Init) refers to adc.o(i.HAL_ADC_MspInit) for HAL_ADC_MspInit
[...]
    BoardInitMcu                             0x080019a9   Thumb Code   264  board.o(i.BoardInitMcu)
    Bq24195EnableCharge                      0x08001ad5   Thumb Code    18  user_bq24195.o(i.Bq24195EnableCharge)
    Bq24195ReadByte                          0x08001aed   Thumb Code    56  user_bq24195.o(i.Bq24195ReadByte)
    Bq24195WriteByte                         0x08001b45   Thumb Code    56  user_bq24195.o(i.Bq24195WriteByte)
    CheckBattery                             0x08001b9d   Thumb Code   300  power.o(i.CheckBattery)
    DelayMs                                  0x08001cf1   Thumb Code    12  delay.o(i.DelayMs)
    EXTI0_1_IRQHandler                       0x08001d3b   Thumb Code    10  gpio-board.o(i.EXTI0_1_IRQHandler)
    EXTI2_3_IRQHandler                       0x08001d45   Thumb Code    10  gpio-board.o(i.EXTI2_3_IRQHandler)
    EXTI4_15_IRQHandler                      0x08001d4f   Thumb Code    92  gpio-board.o(i.EXTI4_15_IRQHandler)
    Error_Handler                            0x08001dad   Thumb Code    10  main.o(i.Error_Handler)
    GpioWrite                                0x08001df5   Thumb Code    20  gpio.o(i.GpioWrite)
    HAL_ADCEx_Calibration_Start              0x08001e09   Thumb Code   216  stm32l0xx_hal_adc_ex.o(i.HAL_ADCEx_Calibration_Start)
    HAL_ADC_ConfigChannel                    0x08001ee1   Thumb Code   306  stm32l0xx_hal_adc.o(i.HAL_ADC_ConfigChannel)
    HAL_ADC_DeInit                           0x08002029   Thumb Code   194  stm32l0xx_hal_adc.o(i.HAL_ADC_DeInit)
    HAL_ADC_GetState                         0x080020fd   Thumb Code     6  stm32l0xx_hal_adc.o(i.HAL_ADC_GetState)
    HAL_ADC_GetValue                         0x08002103   Thumb Code     8  stm32l0xx_hal_adc.o(i.HAL_ADC_GetValue)
    HAL_ADC_Init                             0x0800210d   Thumb Code   554  stm32l0xx_hal_adc.o(i.HAL_ADC_Init)
    HAL_ADC_MspDeInit                        0x08002341   Thumb Code    36  adc.o(i.HAL_ADC_MspDeInit)
    HAL_ADC_MspInit                          0x0800236d   Thumb Code    52  adc.o(i.HAL_ADC_MspInit)
    HAL_ADC_PollForConversion                0x080023a9   Thumb Code   232  stm32l0xx_hal_adc.o(i.HAL_ADC_PollForConversion)
    HAL_ADC_Start                            0x08002491   Thumb Code   114  stm32l0xx_hal_adc.o(i.HAL_ADC_Start)
    HAL_ADC_Stop                             0x08002509   Thumb Code    80  stm32l0xx_hal_adc.o(i.HAL_ADC_Stop)
    HAL_DMA_Abort_IT                         0x08002559   Thumb Code   174  stm32l0xx_hal_dma.o(i.HAL_DMA_Abort_IT)
    HAL_GPIO_DeInit                          0x0800260d   Thumb Code   266  stm32l0xx_hal_gpio.o(i.HAL_GPIO_DeInit)
    HAL_GPIO_EXTI_Callback                   0x08002735   Thumb Code    56  gpio-board.o(i.HAL_GPIO_EXTI_Callback)
    HAL_GPIO_EXTI_IRQHandler                 0x080027a9   Thumb Code    26  stm32l0xx_hal_gpio.o(i.HAL_GPIO_EXTI_IRQHandler)
    HAL_GPIO_Init                            0x080027c9   Thumb Code   472  stm32l0xx_hal_gpio.o(i.HAL_GPIO_Init)
    HAL_GPIO_WritePin                        0x080029c1   Thumb Code    12  stm32l0xx_hal_gpio.o(i.HAL_GPIO_WritePin)
    HAL_GetTick                              0x080029cd   Thumb Code     6  stm32l0xx_hal.o(i.HAL_GetTick)
    HAL_I2CEx_ConfigAnalogFilter             0x080029d9   Thumb Code   110  stm32l0xx_hal_i2c_ex.o(i.HAL_I2CEx_ConfigAnalogFilter)
    HAL_I2CEx_ConfigDigitalFilter            0x08002a47   Thumb Code   114  stm32l0xx_hal_i2c_ex.o(i.HAL_I2CEx_ConfigDigitalFilter)
    HAL_I2C_DeInit                           0x08002ab9   Thumb Code    66  stm32l0xx_hal_i2c.o(i.HAL_I2C_DeInit)
    HAL_I2C_Init                             0x08002afd   Thumb Code   208  stm32l0xx_hal_i2c.o(i.HAL_I2C_Init)
    HAL_I2C_Mem_Read                         0x08002bd1   Thumb Code   446  stm32l0xx_hal_i2c.o(i.HAL_I2C_Mem_Read)
    HAL_I2C_Mem_Write                        0x08002d95   Thumb Code   446  stm32l0xx_hal_i2c.o(i.HAL_I2C_Mem_Write)
    HAL_I2C_MspDeInit                        0x08002f59   Thumb Code    38  i2c.o(i.HAL_I2C_MspDeInit)
    HAL_I2C_MspInit                          0x08002f8d   Thumb Code    62  i2c.o(i.HAL_I2C_MspInit)
    HAL_IncTick                              0x08002fd9   Thumb Code    12  stm32l0xx_hal.o(i.HAL_IncTick)
    HAL_Init                                 0x08002fe9   Thumb Code    28  stm32l0xx_hal.o(i.HAL_Init)
    HAL_InitTick                             0x08003009   Thumb Code    36  stm32l0xx_hal.o(i.HAL_InitTick)
    HAL_MspInit                              0x08003031   Thumb Code    58  stm32l0xx_hal_msp_template.o(i.HAL_MspInit)
    HAL_NVIC_DisableIRQ                      0x08003071   Thumb Code    18  stm32l0xx_hal_cortex.o(i.HAL_NVIC_DisableIRQ)
    HAL_NVIC_EnableIRQ                       0x08003089   Thumb Code    18  stm32l0xx_hal_cortex.o(i.HAL_NVIC_EnableIRQ)
    HAL_NVIC_SetPriority                     0x080030a1   Thumb Code    18  stm32l0xx_hal_cortex.o(i.HAL_NVIC_SetPriority)
    HAL_PWREx_EnableFastWakeUp               0x080030b5   Thumb Code    16  stm32l0xx_hal_pwr_ex.o(i.HAL_PWREx_EnableFastWakeUp)
    HAL_PWREx_EnableUltraLowPower            0x080030c9   Thumb Code    16  stm32l0xx_hal_pwr_ex.o(i.HAL_PWREx_EnableUltraLowPower)
    HAL_PWR_DisablePVD                       0x080030dd   Thumb Code    14  stm32l0xx_hal_pwr.o(i.HAL_PWR_DisablePVD)
    HAL_PWR_EnterSLEEPMode                   0x080030f1   Thumb Code    52  stm32l0xx_hal_pwr.o(i.HAL_PWR_EnterSLEEPMode)
    HAL_PWR_EnterSTOPMode                    0x0800312d   Thumb Code    64  stm32l0xx_hal_pwr.o(i.HAL_PWR_EnterSTOPMode)
    HAL_RCCEx_GetPeriphCLKFreq               0x08003175   Thumb Code   866  stm32l0xx_hal_rcc_ex.o(i.HAL_RCCEx_GetPeriphCLKFreq)
    HAL_RCCEx_PeriphCLKConfig                0x08003501   Thumb Code   672  stm32l0xx_hal_rcc_ex.o(i.HAL_RCCEx_PeriphCLKConfig)
    HAL_RCC_ClockConfig                      0x080037ad   Thumb Code   482  stm32l0xx_hal_rcc.o(i.HAL_RCC_ClockConfig)
    HAL_RCC_GetHCLKFreq                      0x080039a5   Thumb Code     6  stm32l0xx_hal_rcc.o(i.HAL_RCC_GetHCLKFreq)
    HAL_RCC_GetPCLK1Freq                     0x080039b1   Thumb Code    26  stm32l0xx_hal_rcc.o(i.HAL_RCC_GetPCLK1Freq)
    HAL_RCC_GetPCLK2Freq                     0x080039d5   Thumb Code    26  stm32l0xx_hal_rcc.o(i.HAL_RCC_GetPCLK2Freq)
    HAL_RCC_GetSysClockFreq                  0x080039f9   Thumb Code   206  stm32l0xx_hal_rcc.o(i.HAL_RCC_GetSysClockFreq)
    HAL_RCC_OscConfig                        0x08003add   Thumb Code  1732  stm32l0xx_hal_rcc.o(i.HAL_RCC_OscConfig)
    HAL_RTCEx_AlarmBEventCallback            0x080041b1   Thumb Code     2  stm32l0xx_hal_rtc_ex.o(i.HAL_RTCEx_AlarmBEventCallback)
    HAL_RTC_AlarmAEventCallback              0x080041b5   Thumb Code    72  stm32l0xx_it.o(i.HAL_RTC_AlarmAEventCallback)
    HAL_RTC_AlarmIRQHandler                  0x0800421d   Thumb Code   124  stm32l0xx_hal_rtc.o(i.HAL_RTC_AlarmIRQHandler)
    HAL_RTC_DeactivateAlarm                  0x080042a5   Thumb Code   274  stm32l0xx_hal_rtc.o(i.HAL_RTC_DeactivateAlarm)
    HAL_RTC_Init                             0x080043b9   Thumb Code   202  stm32l0xx_hal_rtc.o(i.HAL_RTC_Init)
    HAL_RTC_MspInit                          0x08004495   Thumb Code    24  rtc-board.o(i.HAL_RTC_MspInit)
    HAL_RTC_SetDate                          0x080044b5   Thumb Code   298  stm32l0xx_hal_rtc.o(i.HAL_RTC_SetDate)
    HAL_RTC_SetTime                          0x080045e5   Thumb Code   336  stm32l0xx_hal_rtc.o(i.HAL_RTC_SetTime)
    HAL_RTC_WaitForSynchro                   0x08004739   Thumb Code    60  stm32l0xx_hal_rtc.o(i.HAL_RTC_WaitForSynchro)
    HAL_ResumeTick                           0x08004775   Thumb Code    14  stm32l0xx_hal.o(i.HAL_ResumeTick)
    HAL_SPI_DeInit                           0x08004789   Thumb Code    58  stm32l0xx_hal_spi.o(i.HAL_SPI_DeInit)
    HAL_SPI_Init                             0x080047c3   Thumb Code   142  stm32l0xx_hal_spi.o(i.HAL_SPI_Init)
    HAL_SPI_MspDeInit                        0x08004851   Thumb Code    56  spi.o(i.HAL_SPI_MspDeInit)
    HAL_SPI_MspInit                          0x08004891   Thumb Code    88  spi.o(i.HAL_SPI_MspInit)
    HAL_SPI_Receive                          0x080048f1   Thumb Code   608  stm32l0xx_hal_spi.o(i.HAL_SPI_Receive)
    HAL_SPI_Transmit                         0x08004b51   Thumb Code   474  stm32l0xx_hal_spi.o(i.HAL_SPI_Transmit)
    HAL_SPI_TransmitReceive                  0x08004d2b   Thumb Code   894  stm32l0xx_hal_spi.o(i.HAL_SPI_TransmitReceive)
    HAL_SYSTICK_CLKSourceConfig              0x080050a9   Thumb Code    32  stm32l0xx_hal_cortex.o(i.HAL_SYSTICK_CLKSourceConfig)
    HAL_SYSTICK_Callback                     0x080050cd   Thumb Code     2  stm32l0xx_hal_cortex.o(i.HAL_SYSTICK_Callback)
    HAL_SYSTICK_Config                       0x080050d1   Thumb Code    46  stm32l0xx_hal_cortex.o(i.HAL_SYSTICK_Config)
    HAL_SYSTICK_IRQHandler                   0x08005109   Thumb Code     8  stm32l0xx_hal_cortex.o(i.HAL_SYSTICK_IRQHandler)
    HAL_SuspendTick                          0x08005111   Thumb Code    14  stm32l0xx_hal.o(i.HAL_SuspendTick)
    HAL_TIMEx_MasterConfigSynchronization    0x08005125   Thumb Code    98  stm32l0xx_hal_tim_ex.o(i.HAL_TIMEx_MasterConfigSynchronization)
    HAL_TIM_Base_Init                        0x08005187   Thumb Code    56  stm32l0xx_hal_tim.o(i.HAL_TIM_Base_Init)
    HAL_TIM_Base_MspDeInit                   0x080051c1   Thumb Code    34  timer-board.o(i.HAL_TIM_Base_MspDeInit)
    HAL_TIM_Base_MspInit                     0x080051e9   Thumb Code    24  timer-board.o(i.HAL_TIM_Base_MspInit)
    HAL_TIM_Base_Start_IT                    0x08005205   Thumb Code    30  stm32l0xx_hal_tim.o(i.HAL_TIM_Base_Start_IT)
    HAL_TIM_ConfigClockSource                0x08005223   Thumb Code   318  stm32l0xx_hal_tim.o(i.HAL_TIM_ConfigClockSource)
    HAL_TIM_IC_CaptureCallback               0x08005361   Thumb Code     2  stm32l0xx_hal_tim.o(i.HAL_TIM_IC_CaptureCallback)
    HAL_TIM_IRQHandler                       0x08005363   Thumb Code   380  stm32l0xx_hal_tim.o(i.HAL_TIM_IRQHandler)
    HAL_TIM_OC_DelayElapsedCallback          0x080054df   Thumb Code     2  stm32l0xx_hal_tim.o(i.HAL_TIM_OC_DelayElapsedCallback)
    HAL_TIM_PWM_PulseFinishedCallback        0x080054e1   Thumb Code     2  stm32l0xx_hal_tim.o(i.HAL_TIM_PWM_PulseFinishedCallback)
    HAL_TIM_PeriodElapsedCallback            0x080054e3   Thumb Code     2  stm32l0xx_hal_tim.o(i.HAL_TIM_PeriodElapsedCallback)
    HAL_TIM_TriggerCallback                  0x080054e5   Thumb Code     2  stm32l0xx_hal_tim.o(i.HAL_TIM_TriggerCallback)
    HAL_UARTEx_WakeupCallback                0x080054e7   Thumb Code     2  stm32l0xx_hal_uart_ex.o(i.HAL_UARTEx_WakeupCallback)
    HAL_UART_DeInit                          0x080054e9   Thumb Code    76  stm32l0xx_hal_uart.o(i.HAL_UART_DeInit)
    HAL_UART_ErrorCallback                   0x08005535   Thumb Code     2  stm32l0xx_hal_uart.o(i.HAL_UART_ErrorCallback)
    HAL_UART_GetState                        0x08005537   Thumb Code    20  stm32l0xx_hal_uart.o(i.HAL_UART_GetState)
    HAL_UART_IRQHandler                      0x0800554d   Thumb Code   444  stm32l0xx_hal_uart.o(i.HAL_UART_IRQHandler)
    HAL_UART_Init                            0x0800570d   Thumb Code   130  stm32l0xx_hal_uart.o(i.HAL_UART_Init)
    HAL_UART_MspDeInit                       0x08005791   Thumb Code   124  usart.o(i.HAL_UART_MspDeInit)
    HAL_UART_MspInit                         0x08005821   Thumb Code   170  usart.o(i.HAL_UART_MspInit)
    HAL_UART_Receive_IT                      0x080058e1   Thumb Code   230  stm32l0xx_hal_uart.o(i.HAL_UART_Receive_IT)
    HAL_UART_RxCpltCallback                  0x080059cd   Thumb Code   376  usart.o(i.HAL_UART_RxCpltCallback)
    HAL_UART_Transmit                        0x08005ba9   Thumb Code   240  stm32l0xx_hal_uart.o(i.HAL_UART_Transmit)
    HAL_UART_TxCpltCallback                  0x08005c99   Thumb Code     2  stm32l0xx_hal_uart.o(i.HAL_UART_TxCpltCallback)
    HardFault_Handler                        0x08005c9d   Thumb Code    12  stm32l0xx_it.o(i.HardFault_Handler)
    InitBq24195                              0x08005fdd   Thumb Code   106  bq24195.o(i.InitBq24195)
    InitPower                                0x08006055   Thumb Code   108  bq24195.o(i.InitPower)
    IntoLowPower                             0x080060f5   Thumb Code    58  user-app.o(i.IntoLowPower)
    LoRaMacChannelAdd                        0x08006141   Thumb Code   254  loramac.o(i.LoRaMacChannelAdd)
    LoRaMacChannelRemove                     0x08006255   Thumb Code    80  loramac.o(i.LoRaMacChannelRemove)
    LoRaMacComputeMic                        0x080062b1   Thumb Code   134  loramaccrypto.o(i.LoRaMacComputeMic)
    LoRaMacGetUpLinkCounter                  0x08006345   Thumb Code    18  loramac-api-v3.o(i.LoRaMacGetUpLinkCounter)
    LoRaMacInit                              0x08006359   Thumb Code    42  loramac-api-v3.o(i.LoRaMacInit)
    LoRaMacInitNwkIds                        0x0800639d   Thumb Code    72  loramac-api-v3.o(i.LoRaMacInitNwkIds)
    LoRaMacInitialization                    0x080063e5   Thumb Code   326  loramac.o(i.LoRaMacInitialization)
    LoRaMacJoinComputeMic                    0x08006611   Thumb Code    74  loramaccrypto.o(i.LoRaMacJoinComputeMic)
    LoRaMacJoinComputeSKeys                  0x08006665   Thumb Code   136  loramaccrypto.o(i.LoRaMacJoinComputeSKeys)
    LoRaMacJoinDecrypt                       0x080066f1   Thumb Code    60  loramaccrypto.o(i.LoRaMacJoinDecrypt)
    LoRaMacMcpsRequest                       0x08006731   Thumb Code   298  loramac.o(i.LoRaMacMcpsRequest)
    LoRaMacMibGetRequestConfirm              0x08006895   Thumb Code   246  loramac.o(i.LoRaMacMibGetRequestConfirm)
    LoRaMacMibSetRequestConfirm              0x08006a01   Thumb Code   364  loramac.o(i.LoRaMacMibSetRequestConfirm)
    LoRaMacPayloadDecrypt                    0x08006bc1   Thumb Code    36  loramaccrypto.o(i.LoRaMacPayloadDecrypt)
    LoRaMacPayloadEncrypt                    0x08006be5   Thumb Code   210  loramaccrypto.o(i.LoRaMacPayloadEncrypt)
    LoRaMacSendConfirmedFrame                0x08006cc5   Thumb Code   118  loramac-api-v3.o(i.LoRaMacSendConfirmedFrame)
    LoRaMacSendFrame                         0x08006d41   Thumb Code   128  loramac-api-v3.o(i.LoRaMacSendFrame)
    LoRaMacSetAdrOn                          0x08006dfd   Thumb Code    18  loramac-api-v3.o(i.LoRaMacSetAdrOn)
    LoRaMacSetDeviceClass                    0x08006e0f   Thumb Code    18  loramac-api-v3.o(i.LoRaMacSetDeviceClass)
    LoRaMacTestSetDutyCycleOn                0x08006e21   Thumb Code     6  loramac.o(i.LoRaMacTestSetDutyCycleOn)
    LoRaPower_Init                           0x08006e2d   Thumb Code   140  gpio.o(i.LoRaPower_Init)
    MX_ADC_Init                              0x08006ec1   Thumb Code    88  adc.o(i.MX_ADC_Init)
    MX_I2C2_Init                             0x08006f21   Thumb Code    80  i2c.o(i.MX_I2C2_Init)
    MX_USART1_UART_Init                      0x08006f7d   Thumb Code    58  usart.o(i.MX_USART1_UART_Init)
    MX_USART2_UART_Init                      0x08006fc1   Thumb Code    84  usart.o(i.MX_USART2_UART_Init)
    NMI_Handler                              0x080071bd   Thumb Code     2  stm32l0xx_it.o(i.NMI_Handler)
    OnCsmaTimerEvent                         0x080072b5   Thumb Code    16  lora-cad.o(i.OnCsmaTimerEvent)
    OnMacEvent                               0x080072cd   Thumb Code   376  user-app.o(i.OnMacEvent)
    OnRadioCadDone                           0x08007955   Thumb Code    34  loramac.o(i.OnRadioCadDone)
    OnRxWindow1TimerEvent                    0x08008671   Thumb Code   154  loramac.o(i.OnRxWindow1TimerEvent)
    OnRxWindow2TimerEvent                    0x08008769   Thumb Code   220  loramac.o(i.OnRxWindow2TimerEvent)
    OnTxDelayedTimerEvent                    0x080088a1   Thumb Code   110  loramac.o(i.OnTxDelayedTimerEvent)
    PendSV_Handler                           0x08008931   Thumb Code     2  stm32l0xx_it.o(i.PendSV_Handler)
    PrepareFrame                             0x08008935   Thumb Code   936  loramac.o(i.PrepareFrame)
    RFTXDONE                                 0x08009321   Thumb Code    10  main.o(i.RFTXDONE)
    RTC_Bcd2ToByte                           0x08009331   Thumb Code    26  stm32l0xx_hal_rtc.o(i.RTC_Bcd2ToByte)
    RTC_ByteToBcd2                           0x0800934b   Thumb Code    26  stm32l0xx_hal_rtc.o(i.RTC_ByteToBcd2)
    RTC_EnterInitMode                        0x08009365   Thumb Code    66  stm32l0xx_hal_rtc.o(i.RTC_EnterInitMode)
    RTC_IRQHandler                           0x080093a9   Thumb Code    20  stm32l0xx_it.o(i.RTC_IRQHandler)
    ReadFlashData                            0x080093c1   Thumb Code   340  user-app.o(i.ReadFlashData)
    RtcInit                                  0x080095b5   Thumb Code   118  rtc-board.o(i.RtcInit)
    RxLed                                    0x080096ed   Thumb Code    54  user-app.o(i.RxLed)
    SPI1_Init                                0x080098c1   Thumb Code    68  spi.o(i.SPI1_Init)
    SPI1_NSS                                 0x08009925   Thumb Code   100  spi.o(i.SPI1_NSS)
    SPI1_Read                                0x0800998d   Thumb Code    42  spi.o(i.SPI1_Read)
    SPI1_Write                               0x080099d5   Thumb Code    34  spi.o(i.SPI1_Write)
    SVC_Handler                              0x08009b29   Thumb Code     2  stm32l0xx_it.o(i.SVC_Handler)
    SX1276AntSwDeInit                        0x08009b2d   Thumb Code     8  sx1276-board.o(i.SX1276AntSwDeInit)
    SX1276AntSwInit                          0x08009b39   Thumb Code     8  sx1276-board.o(i.SX1276AntSwInit)
    SX1276CheckRfFrequency                   0x08009b45   Thumb Code     6  sx1276-board.o(i.SX1276CheckRfFrequency)
    SX1276EXTI_Init                          0x08009b4d   Thumb Code   104  gpio.o(i.SX1276EXTI_Init)
    SX1276GPIO_Init                          0x08009bc5   Thumb Code    68  gpio.o(i.SX1276GPIO_Init)
    SX1276GetPaSelect                        0x08009c11   Thumb Code    16  sx1276-board.o(i.SX1276GetPaSelect)
    SX1276GetStatus                          0x08009c25   Thumb Code     6  sx1276.o(i.SX1276GetStatus)
    SX1276GetTimeOnAir                       0x08009c31   Thumb Code   632  sx1276.o(i.SX1276GetTimeOnAir)
    SX1276Init                               0x08009ed1   Thumb Code   106  sx1276.o(i.SX1276Init)
    SX1276IoInit                             0x08009f59   Thumb Code    12  sx1276-board.o(i.SX1276IoInit)
    SX1276IsChannelFree                      0x08009f65   Thumb Code    58  sx1276.o(i.SX1276IsChannelFree)
    SX1276OnDio0Irq                          0x08009fa1   Thumb Code   958  sx1276.o(i.SX1276OnDio0Irq)
    SX1276OnDio1Irq                          0x0800a3b9   Thumb Code   368  sx1276.o(i.SX1276OnDio1Irq)
    SX1276OnDio2Irq                          0x0800a545   Thumb Code   316  sx1276.o(i.SX1276OnDio2Irq)
    SX1276OnTimeoutIrq                       0x0800a691   Thumb Code   182  sx1276.o(i.SX1276OnTimeoutIrq)
    SX1276Random                             0x0800a785   Thumb Code    64  sx1276.o(i.SX1276Random)
    SX1276Read                               0x0800a7c5   Thumb Code    20  sx1276.o(i.SX1276Read)
    SX1276ReadBuffer                         0x0800a7d9   Thumb Code    60  sx1276.o(i.SX1276ReadBuffer)
    SX1276ReadFifo                           0x0800a815   Thumb Code    18  sx1276.o(i.SX1276ReadFifo)
    SX1276ReadRssi                           0x0800a829   Thumb Code    90  sx1276.o(i.SX1276ReadRssi)
    SX1276Reset                              0x0800a899   Thumb Code    36  sx1276.o(i.SX1276Reset)
    SX1276Send                               0x0800a8c1   Thumb Code   314  sx1276.o(i.SX1276Send)
    SX1276SetAntSw                           0x0800aa0d   Thumb Code    18  sx1276-board.o(i.SX1276SetAntSw)
    SX1276SetAntSwLowPower                   0x0800aa25   Thumb Code    32  sx1276-board.o(i.SX1276SetAntSwLowPower)
    SX1276SetChannel                         0x0800aa49   Thumb Code    64  sx1276.o(i.SX1276SetChannel)
    SX1276SetMaxPayloadLength                0x0800aa91   Thumb Code    54  sx1276.o(i.SX1276SetMaxPayloadLength)
    SX1276SetModem                           0x0800aacd   Thumb Code   124  sx1276.o(i.SX1276SetModem)
    SX1276SetOpMode                          0x0800ab4d   Thumb Code    76  sx1276.o(i.SX1276SetOpMode)
    SX1276SetRx                              0x0800ab9d   Thumb Code   870  sx1276.o(i.SX1276SetRx)
    SX1276SetRxConfig                        0x0800af91   Thumb Code   660  sx1276.o(i.SX1276SetRxConfig)
    SX1276SetSleep                           0x0800b22d   Thumb Code    28  sx1276.o(i.SX1276SetSleep)
    SX1276SetStby                            0x0800b255   Thumb Code    28  sx1276.o(i.SX1276SetStby)
    SX1276SetTx                              0x0800b27d   Thumb Code   194  sx1276.o(i.SX1276SetTx)
    SX1276SetTxConfig                        0x0800b349   Thumb Code   790  sx1276.o(i.SX1276SetTxConfig)
    SX1276StartCad                           0x0800b66d   Thumb Code    68  sx1276.o(i.SX1276StartCad)
    SX1276Write                              0x0800b6b5   Thumb Code    16  sx1276.o(i.SX1276Write)
    SX1276WriteBuffer                        0x0800b6c5   Thumb Code    62  sx1276.o(i.SX1276WriteBuffer)
    SX1276WriteFifo                          0x0800b703   Thumb Code    18  sx1276.o(i.SX1276WriteFifo)
    ScheduleTx                               0x0800b715   Thumb Code   166  loramac.o(i.ScheduleTx)
    Send                                     0x0800b7f9   Thumb Code   128  loramac.o(i.Send)
    SendDoneLed                              0x0800b885   Thumb Code    54  user-app.o(i.SendDoneLed)
    SendFrameOnChannel                       0x0800b8bd   Thumb Code   410  loramac.o(i.SendFrameOnChannel)
    SetBatteryRechargeThreshold              0x0800baf1   Thumb Code    46  user_bq24195.o(i.SetBatteryRechargeThreshold)
    SetChargeType                            0x0800bb1f   Thumb Code    46  user_bq24195.o(i.SetChargeType)
    SetEnableChargeTimer                     0x0800bb4d   Thumb Code    64  user_bq24195.o(i.SetEnableChargeTimer)
    SetHighImpedanceMode                     0x0800bb8d   Thumb Code    64  user_bq24195.o(i.SetHighImpedanceMode)
    SetInputCurrentLimit                     0x0800bbcd   Thumb Code    46  user_bq24195.o(i.SetInputCurrentLimit)
    SetInputVoltageLimit                     0x0800bbfb   Thumb Code    46  user_bq24195.o(i.SetInputVoltageLimit)
    SetMiniSysVoltage                        0x0800bc29   Thumb Code    46  user_bq24195.o(i.SetMiniSysVoltage)
    SetWdgTimer                              0x0800be9d   Thumb Code    46  user_bq24195.o(i.SetWdgTimer)
    StmFlashRead                             0x0800becb   Thumb Code    26  stmflash.o(i.StmFlashRead)
    StringConversion                         0x0800bee5   Thumb Code    54  user-app.o(i.StringConversion)
    SysTick_Handler                          0x0800bf21   Thumb Code    96  clock.o(i.SysTick_Handler)
    SystemClockConfig                        0x0800bf99   Thumb Code   154  board.o(i.SystemClockConfig)
    SystemClockReConfig                      0x0800c03d   Thumb Code   136  board.o(i.SystemClockReConfig)
    SystemInit                               0x0800c0cd   Thumb Code    88  system_stm32l0xx.o(i.SystemInit)
    TIM2_IRQHandler                          0x0800c135   Thumb Code    38  stm32l0xx_it.o(i.TIM2_IRQHandler)
    TimerGetCurrentTime                      0x0800c2b1   Thumb Code     8  timerserver.o(i.TimerGetCurrentTime)
    TimerGetValue                            0x0800c2b9   Thumb Code     8  timerserver.o(i.TimerGetValue)
    TimerHwGetElapsedTime                    0x0800c2c1   Thumb Code    40  timer-board.o(i.TimerHwGetElapsedTime)
    TimerHwGetMinimumTimeout                 0x0800c2ed   Thumb Code    18  timer-board.o(i.TimerHwGetMinimumTimeout)
    TimerHwGetTime                           0x0800c305   Thumb Code    24  timer-board.o(i.TimerHwGetTime)
    TimerHwGetTimerValue                     0x0800c31d   Thumb Code    18  timer-board.o(i.TimerHwGetTimerValue)
    TimerHwInit                              0x0800c335   Thumb Code    96  timer-board.o(i.TimerHwInit)
    TimerHwStart                             0x0800c39d   Thumb Code    58  timer-board.o(i.TimerHwStart)
    TimerIncrementTickCounter                0x0800c3e1   Thumb Code    24  timer-board.o(i.TimerIncrementTickCounter)
    TimerInit                                0x0800c3fd   Thumb Code    14  timerserver.o(i.TimerInit)
    TimerIrqHandler                          0x0800c4b1   Thumb Code   160  timerserver.o(i.TimerIrqHandler)
    TimerSetValue                            0x0800c56d   Thumb Code    32  timerserver.o(i.TimerSetValue)
    TimerStart                               0x0800c58d   Thumb Code   132  timerserver.o(i.TimerStart)
    TimerStop                                0x0800c615   Thumb Code   232  timerserver.o(i.TimerStop)
    UART_AdvFeatureConfig                    0x0800c701   Thumb Code   240  stm32l0xx_hal_uart.o(i.UART_AdvFeatureConfig)
    UART_CheckIdleState                      0x0800c7f1   Thumb Code   112  stm32l0xx_hal_uart.o(i.UART_CheckIdleState)
    UART_SetConfig                           0x0800c951   Thumb Code   954  stm32l0xx_hal_uart.o(i.UART_SetConfig)
    UART_WaitOnFlagUntilTimeout              0x0800cdb3   Thumb Code   112  stm32l0xx_hal_uart.o(i.UART_WaitOnFlagUntilTimeout)
    USART2_IRQHandler                        0x0800ce25   Thumb Code    80  stm32l0xx_it.o(i.USART2_IRQHandler)
    USART4_5_IRQHandler                      0x0800ce7d   Thumb Code    92  stm32l0xx_it.o(i.USART4_5_IRQHandler)
    UserAppInit                              0x0800cefd   Thumb Code   136  user-app.o(i.UserAppInit)
    UserAppSend                              0x0800cfc9   Thumb Code   144  user-app.o(i.UserAppSend)
    UserChannelAddFun                        0x0800d07d   Thumb Code   586  lora-cad.o(i.UserChannelAddFun)
    UserListenAagain                         0x0800d2cd   Thumb Code    78  lora-cad.o(i.UserListenAagain)
    __0printf                                0x0800d399   Thumb Code    24  printfa.o(i.__0printf)
    __1printf                                0x0800d399   Thumb Code     0  printfa.o(i.__0printf)
    __2printf                                0x0800d399   Thumb Code     0  printfa.o(i.__0printf)
    __c89printf                              0x0800d399   Thumb Code     0  printfa.o(i.__0printf)
    printf                                   0x0800d399   Thumb Code     0  printfa.o(i.__0printf)
    __ARM_clz                                0x0800d3b9   Thumb Code    46  depilogue.o(i.__ARM_clz)
    __ARM_common_ll_muluu                    0x0800d3e7   Thumb Code    48  stm32l0xx_hal_uart.o(i.__ARM_common_ll_muluu)
    __ARM_common_switch8                     0x0800d417   Thumb Code    28  stm32l0xx_hal_tim.o(i.__ARM_common_switch8)
    __scatterload_copy                       0x0800d433   Thumb Code    14  handlers.o(i.__scatterload_copy)
    __scatterload_null                       0x0800d441   Thumb Code     2  handlers.o(i.__scatterload_null)
    __scatterload_zeroinit                   0x0800d443   Thumb Code    14  handlers.o(i.__scatterload_zeroinit)
    aes_encrypt                              0x0800dd3d   Thumb Code    90  aes.o(i.aes_encrypt)
    aes_set_key                              0x0800dd99   Thumb Code   280  aes.o(i.aes_set_key)
    app_mac_cb                               0x0800deb5   Thumb Code    44  main.o(i.app_mac_cb)
    autostart_start                          0x0800dee9   Thumb Code    30  autostart.o(i.autostart_start)
    ceil                                     0x0800df59   Thumb Code   180  ceil.o(i.ceil)
    clock_init                               0x0800e021   Thumb Code    40  clock.o(i.clock_init)
    clock_time                               0x0800e049   Thumb Code     6  clock.o(i.clock_time)
    delay_init                               0x0800e0a5   Thumb Code    16  delay.o(i.delay_init)
    delay_ms                                 0x0800e0b9   Thumb Code    24  delay.o(i.delay_ms)
    delay_us                                 0x0800e0d1   Thumb Code    62  delay.o(i.delay_us)
    etimer_expired                           0x0800e239   Thumb Code    16  etimer.o(i.etimer_expired)
    etimer_pending                           0x0800e249   Thumb Code    16  etimer.o(i.etimer_pending)
    etimer_request_poll                      0x0800e25d   Thumb Code    10  etimer.o(i.etimer_request_poll)
    etimer_set                               0x0800e26d   Thumb Code    22  etimer.o(i.etimer_set)
    floor                                    0x0800e325   Thumb Code   180  floor.o(i.floor)
    fputc                                    0x0800e3ed   Thumb Code    20  usart.o(i.fputc)
    main                                     0x0800e409   Thumb Code   104  main.o(i.main)
    malloc                                   0x0800e4dd   Thumb Code    92  malloc.o(i.malloc)
    memcpy1                                  0x0800e549   Thumb Code    24  utilities.o(i.memcpy1)
    memcpyr                                  0x0800e561   Thumb Code    28  utilities.o(i.memcpyr)
    memset1                                  0x0800e57d   Thumb Code    16  utilities.o(i.memset1)
    process_init                             0x0800e811   Thumb Code    26  process.o(i.process_init)
    process_is_running                       0x0800e841   Thumb Code    16  process.o(i.process_is_running)
    process_poll                             0x0800e851   Thumb Code    26  process.o(i.process_poll)
    process_post                             0x0800e871   Thumb Code    98  process.o(i.process_post)
    process_post_synch                       0x0800e8e5   Thumb Code    28  process.o(i.process_post_synch)
    process_run                              0x0800e905   Thumb Code    30  process.o(i.process_run)
    process_start                            0x0800e92d   Thumb Code    60  process.o(i.process_start)
    processset                               0x0800ec85   Thumb Code    22  main.o(i.processset)
    rand1                                    0x0800eca5   Thumb Code    30  utilities.o(i.rand1)
    randr                                    0x0800ecd5   Thumb Code    26  utilities.o(i.randr)
    round                                    0x0800ecf1   Thumb Code   142  round.o(i.round)
    srand1                                   0x0800edfd   Thumb Code     6  utilities.o(i.srand1)
    timer_expired                            0x0800ee09   Thumb Code    28  timer.o(i.timer_expired)
    timer_set                                0x0800ee25   Thumb Code    16  timer.o(i.timer_set)
    AHBPrescTable                            0x0800eea6   Data          16  system_stm32l0xx.o(.constdata)
    APBPrescTable                            0x0800eeb6   Data           8  system_stm32l0xx.o(.constdata)
    PLLMulTable                              0x0800eebe   Data           9  system_stm32l0xx.o(.constdata)
    Radio                                    0x0800eec8   Data          84  sx1276-board.o(.constdata)
    RadioRegsInit                            0x0800ef1c   Data          45  sx1276.o(.constdata)
    FskBandwidths                            0x0800ef4c   Data         176  sx1276.o(.constdata)
    Datarates                                0x0800f05c   Data           8  loramac.o(.constdata)
    MaxPayloadOfDatarate                     0x0800f064   Data           8  loramac.o(.constdata)
    MaxPayloadOfDatarateRepeater             0x0800f06c   Data           8  loramac.o(.constdata)
    TxPowers                                 0x0800f074   Data           6  loramac.o(.constdata)
    autostart_processes                      0x0800f420   Data          12  main.o(.constdata)
    __ctype_categories                       0x0800f534   Data          64  ctype_c.o(.constdata)
    Region$$Table$$Base                      0x0800f640   Number         0  anon$$obj.o(Region$$Table)
    Region$$Table$$Limit                     0x0800f660   Number         0  anon$$obj.o(Region$$Table)
    SystemCoreClock                          0x20000000   Data           4  system_stm32l0xx.o(.data)
    uwTick                                   0x20000004   Data           4  stm32l0xx_hal.o(.data)
    TimerTickCounter                         0x20000010   Data           8  timer-board.o(.data)
    TimeoutCntValue                          0x20000020   Data           8  timer-board.o(.data)
    uwPrescalerValue                         0x20000028   Data           4  timer-board.o(.data)
    LowPowerModeEnable                       0x20000030   Data           1  timerserver.o(.data)
    HasLoopedThroughMain                     0x20000031   Data           1  timerserver.o(.data)
    device_type                              0x20000038   Data           1  bq24195.o(.data)
    sendwkup                                 0x20000039   Data           1  board.o(.data)
    RadioEvents                              0x2000003c   Data           4  sx1276.o(.data)
    readfifo                                 0x20000040   Data           1  sx1276.o(.data)
    UpLinkCounter                            0x20000068   Data           4  loramac.o(.data)
    Channels                                 0x20000088   Data         256  loramac.o(.data)
    Channel                                  0x200001a5   Data           1  loramac.o(.data)
    LoRaMacState                             0x200001a8   Data           4  loramac.o(.data)
    TxTimeOnAir                              0x200001d4   Data           4  loramac.o(.data)
    LoRaMacFlags                             0x200001d9   Data           1  loramac.o(.data)
    rx1time                                  0x200001dc   Data           4  loramac.o(.data)
    rx_start                                 0x200001e0   Data           1  loramac.o(.data)
    process_list                             0x20000218   Data           4  process.o(.data)
    process_current                          0x2000021c   Data           4  process.o(.data)
    etimer_process                           0x20000240   Data          16  etimer.o(.data)
    TickCounter                              0x2000025c   Data           4  clock.o(.data)
    TimerOverTime                            0x20000260   Data           4  clock.o(.data)
    Send_time                                0x20000264   Data           4  clock.o(.data)
    loramac_rx_info                          0x20000268   Data           4  main.o(.data)
    loramac_evt                              0x2000026c   Data           1  main.o(.data)
    GPSLocation_process                      0x20000270   Data          16  main.o(.data)
    SX1278Send_process                       0x20000280   Data          16  main.o(.data)
    Gps_Send_Stae                            0x20000290   Data           1  main.o(.data)
    mac_callback_g                           0x20000294   Data           4  user-app.o(.data)
    IsNetworkJoined                          0x20000298   Data           1  user-app.o(.data)
    JoinReq_flag                             0x20000299   Data           1  user-app.o(.data)
    DevEui                                   0x2000029a   Data           8  user-app.o(.data)
    LoRapp_Handle                            0x200002d4   Data          24  user-app.o(.data)
    Get_Flash_Datas                          0x200002ec   Data           6  user-app.o(.data)
    LoRaFrameType                            0x200002f2   Data           1  user-app.o(.data)
    Csma                                     0x200002f4   Data           8  lora-cad.o(.data)
    __stdout                                 0x200002fc   Data           4  stdout.o(.data)
    __microlib_freelist                      0x20000300   Data           4  mvars.o(.data)
    __microlib_freelist_initialised          0x20000304   Data           4  mvars.o(.data)
    huart1                                   0x20000308   Data         112  usart.o(.bss)
    huart2                                   0x20000378   Data         112  usart.o(.bss)
    huart5                                   0x200003e8   Data         112  usart.o(.bss)
    UART_RX_DATA2                            0x20000458   Data         528  usart.o(.bss)
    UART_RX_DATA5                            0x20000668   Data         528  usart.o(.bss)
    Get_Gps_Ack                              0x20000878   Data          64  usart.o(.bss)
    hspi1                                    0x200008b8   Data          88  spi.o(.bss)
    hdma_spi1_tx                             0x20000910   Data          64  spi.o(.bss)
    hdma_spi1_rx                             0x20000950   Data          64  spi.o(.bss)
    RtcHandle                                0x20000990   Data          36  rtc-board.o(.bss)
    htim2                                    0x200009b4   Data          56  timer-board.o(.bss)
    hadc                                     0x200009ec   Data          96  adc.o(.bss)
    hi2c2                                    0x20000a4c   Data          76  i2c.o(.bss)
    SX1276                                   0x20000b98   Data          96  sx1276.o(.bss)
    TxTimeoutTimer                           0x20000bf8   Data          20  sx1276.o(.bss)
    RxTimeoutTimer                           0x20000c0c   Data          20  sx1276.o(.bss)
    RxTimeoutSyncWord                        0x20000c20   Data          20  sx1276.o(.bss)
    JoinReqTimer                             0x20001410   Data          20  user-app.o(.bss)
    RxInfo                                   0x20001424   Data         264  user-app.o(.bss)
    AppEui                                   0x2000152c   Data          16  user-app.o(.bss)
    AppKey                                   0x2000153c   Data          32  user-app.o(.bss)
    String_Buffer                            0x2000155c   Data          33  user-app.o(.bss)
    AppData                                  0x2000157d   Data          43  user-app.o(.bss)
    LoRaMacCsma                              0x200015a8   Data          12  lora-cad.o(.bss)
    CsmaTimer                                0x200015b4   Data          20  lora-cad.o(.bss)
    __heap_base                              0x200015c8   Data           0  startup_stm32l073xx.o(HEAP)
    __heap_limit                             0x200017c8   Data           0  startup_stm32l073xx.o(HEAP)
    __initial_sp                             0x20001bc8   Data           0  startup_stm32l073xx.o(STACK)



==============================================================================

Memory Map of the image

  Image Entry point : 0x080000c1

  Load Region LR_IROM1 (Base: 0x08000000, Size: 0x0000f968, Max: 0x00020000, ABSOLUTE, COMPRESSED[0x0000f6d8])

    Execution Region ER_IROM1 (Base: 0x08000000, Size: 0x0000f660, Max: 0x00020000, ABSOLUTE)

    Base Addr    Size         Type   Attr      Idx    E Section Name        Object

    0x08000000   0x000000c0   Data   RO            3    RESET               startup_stm32l073xx.o
    0x080000c0   0x00000000   Code   RO         7053  * .ARM.Collect$$$$00000000  mc_p.l(entry.o)
    0x080000c0   0x00000004   Code   RO         7424    .ARM.Collect$$$$00000001  mc_p.l(entry2.o)
    0x080000c4   0x00000004   Code   RO         7427    .ARM.Collect$$$$00000004  mc_p.l(entry5.o)
    0x080000c8   0x00000000   Code   RO         7429    .ARM.Collect$$$$00000008  mc_p.l(entry7b.o)
    0x080000c8   0x00000000   Code   RO         7431    .ARM.Collect$$$$0000000A  mc_p.l(entry8b.o)
    0x080000c8   0x00000008   Code   RO         7432    .ARM.Collect$$$$0000000B  mc_p.l(entry9a.o)
    0x080000d0   0x00000000   Code   RO         7434    .ARM.Collect$$$$0000000D  mc_p.l(entry10a.o)
    0x080000d0   0x00000000   Code   RO         7436    .ARM.Collect$$$$0000000F  mc_p.l(entry11a.o)
    0x080000d0   0x00000004   Code   RO         7425    .ARM.Collect$$$$00002712  mc_p.l(entry2.o)
    0x080000d4   0x0000001c   Code   RO            4    .text               startup_stm32l073xx.o
    0x080000f0   0x0000002c   Code   RO         7056    .text               mc_p.l(uidiv.o)
    0x0800011c   0x00000028   Code   RO         7058    .text               mc_p.l(idiv.o)
    0x08000144   0x00000060   Code   RO         7060    .text               mc_p.l(uldiv.o)
    0x080001a4   0x0000007a   Code   RO         7062    .text               mc_p.l(llmul.o)
    0x0800021e   0x00000024   Code   RO         7064    .text               mc_p.l(memcpya.o)
    0x08000242   0x00000024   Code   RO         7066    .text               mc_p.l(memseta.o)
    0x08000266   0x0000000e   Code   RO         7068    .text               mc_p.l(strlen.o)
    0x08000274   0x0000001c   Code   RO         7070    .text               mc_p.l(strcmp.o)
    0x08000290   0x0000003c   Code   RO         7363    .text               mc_p.l(__0sscanf.o)
    0x080002cc   0x0000014a   Code   RO         7365    .text               mc_p.l(_scanf_int.o)
    0x08000416   0x000000b2   Code   RO         7367    .text               mf_p.l(fadd.o)
    0x080004c8   0x0000007a   Code   RO         7369    .text               mf_p.l(fmul.o)
    0x08000542   0x0000007c   Code   RO         7371    .text               mf_p.l(fdiv.o)
    0x080005be   0x00000002   PAD
    0x080005c0   0x00000164   Code   RO         7373    .text               mf_p.l(dadd.o)
    0x08000724   0x000000d0   Code   RO         7375    .text               mf_p.l(dmul.o)
    0x080007f4   0x000000f0   Code   RO         7377    .text               mf_p.l(ddiv.o)
    0x080008e4   0x0000000e   Code   RO         7379    .text               mf_p.l(ffltui.o)
    0x080008f2   0x00000002   PAD
    0x080008f4   0x00000028   Code   RO         7381    .text               mf_p.l(dflti.o)
    0x0800091c   0x0000001c   Code   RO         7383    .text               mf_p.l(dfltui.o)
    0x08000938   0x00000028   Code   RO         7385    .text               mf_p.l(ffixui.o)
    0x08000960   0x00000048   Code   RO         7387    .text               mf_p.l(dfixi.o)
    0x080009a8   0x0000003c   Code   RO         7389    .text               mf_p.l(dfixui.o)
    0x080009e4   0x00000028   Code   RO         7391    .text               mf_p.l(f2d.o)
    0x08000a0c   0x00000028   Code   RO         7393    .text               mf_p.l(cdrcmple.o)
    0x08000a34   0x00000014   Code   RO         7395    .text               mf_p.l(cfrcmple.o)
    0x08000a48   0x00000020   Code   RO         7439    .text               mc_p.l(llshl.o)
    0x08000a68   0x00000022   Code   RO         7441    .text               mc_p.l(llushr.o)
    0x08000a8a   0x00000026   Code   RO         7443    .text               mc_p.l(llsshr.o)
    0x08000ab0   0x0000001e   Code   RO         7454    .text               mc_p.l(_chval.o)
    0x08000ace   0x00000002   PAD
    0x08000ad0   0x0000002c   Code   RO         7456    .text               mc_p.l(scanf_char.o)
    0x08000afc   0x00000044   Code   RO         7458    .text               mc_p.l(_sgetc.o)
    0x08000b40   0x00000000   Code   RO         7460    .text               mc_p.l(iusefp.o)
    0x08000b40   0x00000082   Code   RO         7461    .text               mf_p.l(fepilogue.o)
    0x08000bc2   0x000000be   Code   RO         7463    .text               mf_p.l(depilogue.o)
    0x08000c80   0x0000007c   Code   RO         7469    .text               mf_p.l(drnd.o)
    0x08000cfc   0x00000040   Code   RO         7471    .text               mf_p.l(dfixul.o)
    0x08000d3c   0x00000028   Code   RO         7473    .text               mf_p.l(cdcmple.o)
    0x08000d64   0x00000024   Code   RO         7475    .text               mc_p.l(init.o)
    0x08000d88   0x0000000e   Code   RO         7477    .text               mc_p.l(isspace_c.o)
    0x08000d96   0x00000002   PAD
    0x08000d98   0x00000338   Code   RO         7479    .text               mc_p.l(_scanf.o)
    0x080010d0   0x00000024   Code   RO         7483    .text               mc_p.l(ctype_c.o)
    0x080010f4   0x00000056   Code   RO         7494    .text               mc_p.l(__dczerorl2.o)
    0x0800114a   0x0000006c   Code   RO          395    i.ADC_ConversionStop  stm32l0xx_hal_adc.o
    0x080011b6   0x00000002   PAD
    0x080011b8   0x0000002c   Code   RO          399    i.ADC_DelayMicroSecond  stm32l0xx_hal_adc.o
    0x080011e4   0x0000009c   Code   RO          400    i.ADC_Disable       stm32l0xx_hal_adc.o
    0x08001280   0x000000a4   Code   RO          401    i.ADC_Enable        stm32l0xx_hal_adc.o
    0x08001324   0x000001aa   Code   RO         6292    i.AES_CMAC_Final    cmac.o
    0x080014ce   0x00000020   Code   RO         6293    i.AES_CMAC_Init     cmac.o
    0x080014ee   0x00000014   Code   RO         6294    i.AES_CMAC_SetKey   cmac.o
    0x08001502   0x000000c4   Code   RO         6295    i.AES_CMAC_Update   cmac.o
    0x080015c6   0x00000002   PAD
    0x080015c8   0x0000008c   Code   RO         4772    i.AdcReadParameter  adc.o
    0x08001654   0x00000144   Code   RO         5652    i.AddMacCommand     loramac.o
    0x08001798   0x0000006c   Code   RO         5653    i.AdrNextDr         loramac.o
    0x08001804   0x000001a4   Code   RO         5281    i.BoardDeInitMcu    board.o
    0x080019a8   0x0000012c   Code   RO         5284    i.BoardInitMcu      board.o
    0x08001ad4   0x00000018   Code   RO         5041    i.Bq24195EnableCharge  user_bq24195.o
    0x08001aec   0x00000058   Code   RO         5043    i.Bq24195ReadByte   user_bq24195.o
    0x08001b44   0x00000058   Code   RO         5046    i.Bq24195WriteByte  user_bq24195.o
    0x08001b9c   0x00000154   Code   RO         5018    i.CheckBattery      power.o
    0x08001cf0   0x0000000c   Code   RO         4512    i.DelayMs           delay.o
    0x08001cfc   0x0000003e   Code   RO         5654    i.DisableChannelInMask  loramac.o
    0x08001d3a   0x0000000a   Code   RO         4734    i.EXTI0_1_IRQHandler  gpio-board.o
    0x08001d44   0x0000000a   Code   RO         4735    i.EXTI2_3_IRQHandler  gpio-board.o
    0x08001d4e   0x0000005c   Code   RO         4736    i.EXTI4_15_IRQHandler  gpio-board.o
    0x08001daa   0x00000002   PAD
    0x08001dac   0x00000014   Code   RO         6708    i.Error_Handler     main.o
    0x08001dc0   0x00000034   Code   RO         5417    i.GetFskBandwidthRegValue  sx1276.o
    0x08001df4   0x00000014   Code   RO         5343    i.GpioWrite         gpio.o
    0x08001e08   0x000000d8   Code   RO          578    i.HAL_ADCEx_Calibration_Start  stm32l0xx_hal_adc_ex.o
    0x08001ee0   0x00000148   Code   RO          403    i.HAL_ADC_ConfigChannel  stm32l0xx_hal_adc.o
    0x08002028   0x000000d4   Code   RO          406    i.HAL_ADC_DeInit    stm32l0xx_hal_adc.o
    0x080020fc   0x00000006   Code   RO          409    i.HAL_ADC_GetState  stm32l0xx_hal_adc.o
    0x08002102   0x00000008   Code   RO          410    i.HAL_ADC_GetValue  stm32l0xx_hal_adc.o
    0x0800210a   0x00000002   PAD
    0x0800210c   0x00000234   Code   RO          412    i.HAL_ADC_Init      stm32l0xx_hal_adc.o
    0x08002340   0x0000002c   Code   RO         4773    i.HAL_ADC_MspDeInit  adc.o
    0x0800236c   0x0000003c   Code   RO         4774    i.HAL_ADC_MspInit   adc.o
    0x080023a8   0x000000e8   Code   RO          416    i.HAL_ADC_PollForConversion  stm32l0xx_hal_adc.o
    0x08002490   0x00000078   Code   RO          418    i.HAL_ADC_Start     stm32l0xx_hal_adc.o
    0x08002508   0x00000050   Code   RO          421    i.HAL_ADC_Stop      stm32l0xx_hal_adc.o
    0x08002558   0x000000b4   Code   RO          832    i.HAL_DMA_Abort_IT  stm32l0xx_hal_dma.o
    0x0800260c   0x00000128   Code   RO         1229    i.HAL_GPIO_DeInit   stm32l0xx_hal_gpio.o
    0x08002734   0x00000074   Code   RO         4737    i.HAL_GPIO_EXTI_Callback  gpio-board.o
    0x080027a8   0x00000020   Code   RO         1231    i.HAL_GPIO_EXTI_IRQHandler  stm32l0xx_hal_gpio.o
    0x080027c8   0x000001f8   Code   RO         1232    i.HAL_GPIO_Init     stm32l0xx_hal_gpio.o
    0x080029c0   0x0000000c   Code   RO         1236    i.HAL_GPIO_WritePin  stm32l0xx_hal_gpio.o
    0x080029cc   0x0000000c   Code   RO          237    i.HAL_GetTick       stm32l0xx_hal.o
    0x080029d8   0x0000006e   Code   RO         1715    i.HAL_I2CEx_ConfigAnalogFilter  stm32l0xx_hal_i2c_ex.o
    0x08002a46   0x00000072   Code   RO         1716    i.HAL_I2CEx_ConfigDigitalFilter  stm32l0xx_hal_i2c_ex.o
    0x08002ab8   0x00000042   Code   RO         1293    i.HAL_I2C_DeInit    stm32l0xx_hal_i2c.o
    0x08002afa   0x00000002   PAD
    0x08002afc   0x000000d4   Code   RO         1302    i.HAL_I2C_Init      stm32l0xx_hal_i2c.o
    0x08002bd0   0x000001c4   Code   RO         1318    i.HAL_I2C_Mem_Read  stm32l0xx_hal_i2c.o
    0x08002d94   0x000001c4   Code   RO         1321    i.HAL_I2C_Mem_Write  stm32l0xx_hal_i2c.o
    0x08002f58   0x00000034   Code   RO         4980    i.HAL_I2C_MspDeInit  i2c.o
    0x08002f8c   0x0000004c   Code   RO         4981    i.HAL_I2C_MspInit   i2c.o
    0x08002fd8   0x00000010   Code   RO          238    i.HAL_IncTick       stm32l0xx_hal.o
    0x08002fe8   0x00000020   Code   RO          239    i.HAL_Init          stm32l0xx_hal.o
    0x08003008   0x00000028   Code   RO          240    i.HAL_InitTick      stm32l0xx_hal.o
    0x08003030   0x00000040   Code   RO         1792    i.HAL_MspInit       stm32l0xx_hal_msp_template.o
    0x08003070   0x00000018   Code   RO          634    i.HAL_NVIC_DisableIRQ  stm32l0xx_hal_cortex.o
    0x08003088   0x00000018   Code   RO          635    i.HAL_NVIC_EnableIRQ  stm32l0xx_hal_cortex.o
    0x080030a0   0x00000012   Code   RO          639    i.HAL_NVIC_SetPriority  stm32l0xx_hal_cortex.o
    0x080030b2   0x00000002   PAD
    0x080030b4   0x00000014   Code   RO         1948    i.HAL_PWREx_EnableFastWakeUp  stm32l0xx_hal_pwr_ex.o
    0x080030c8   0x00000014   Code   RO         1950    i.HAL_PWREx_EnableUltraLowPower  stm32l0xx_hal_pwr_ex.o
    0x080030dc   0x00000014   Code   RO         1832    i.HAL_PWR_DisablePVD  stm32l0xx_hal_pwr.o
    0x080030f0   0x0000003c   Code   RO         1841    i.HAL_PWR_EnterSLEEPMode  stm32l0xx_hal_pwr.o
    0x0800312c   0x00000048   Code   RO         1843    i.HAL_PWR_EnterSTOPMode  stm32l0xx_hal_pwr.o
    0x08003174   0x0000038c   Code   RO         2113    i.HAL_RCCEx_GetPeriphCLKFreq  stm32l0xx_hal_rcc_ex.o
    0x08003500   0x000002ac   Code   RO         2116    i.HAL_RCCEx_PeriphCLKConfig  stm32l0xx_hal_rcc_ex.o
    0x080037ac   0x000001f8   Code   RO         2002    i.HAL_RCC_ClockConfig  stm32l0xx_hal_rcc.o
    0x080039a4   0x0000000c   Code   RO         2006    i.HAL_RCC_GetHCLKFreq  stm32l0xx_hal_rcc.o
    0x080039b0   0x00000024   Code   RO         2008    i.HAL_RCC_GetPCLK1Freq  stm32l0xx_hal_rcc.o
    0x080039d4   0x00000024   Code   RO         2009    i.HAL_RCC_GetPCLK2Freq  stm32l0xx_hal_rcc.o
    0x080039f8   0x000000e4   Code   RO         2010    i.HAL_RCC_GetSysClockFreq  stm32l0xx_hal_rcc.o
    0x08003adc   0x000006d4   Code   RO         2013    i.HAL_RCC_OscConfig  stm32l0xx_hal_rcc.o
    0x080041b0   0x00000002   Code   RO         2360    i.HAL_RTCEx_AlarmBEventCallback  stm32l0xx_hal_rtc_ex.o
    0x080041b2   0x00000002   PAD
    0x080041b4   0x00000068   Code   RO         6780    i.HAL_RTC_AlarmAEventCallback  stm32l0xx_it.o
    0x0800421c   0x00000088   Code   RO         2227    i.HAL_RTC_AlarmIRQHandler  stm32l0xx_hal_rtc.o
    0x080042a4   0x00000112   Code   RO         2229    i.HAL_RTC_DeactivateAlarm  stm32l0xx_hal_rtc.o
    0x080043b6   0x00000002   PAD
    0x080043b8   0x000000dc   Code   RO         2234    i.HAL_RTC_Init      stm32l0xx_hal_rtc.o
    0x08004494   0x00000020   Code   RO         4454    i.HAL_RTC_MspInit   rtc-board.o
    0x080044b4   0x00000130   Code   RO         2240    i.HAL_RTC_SetDate   stm32l0xx_hal_rtc.o
    0x080045e4   0x00000154   Code   RO         2241    i.HAL_RTC_SetTime   stm32l0xx_hal_rtc.o
    0x08004738   0x0000003c   Code   RO         2242    i.HAL_RTC_WaitForSynchro  stm32l0xx_hal_rtc.o
    0x08004774   0x00000014   Code   RO          243    i.HAL_ResumeTick    stm32l0xx_hal.o
    0x08004788   0x0000003a   Code   RO         2587    i.HAL_SPI_DeInit    stm32l0xx_hal_spi.o
    0x080047c2   0x0000008e   Code   RO         2592    i.HAL_SPI_Init      stm32l0xx_hal_spi.o
    0x08004850   0x00000040   Code   RO         4393    i.HAL_SPI_MspDeInit  spi.o
    0x08004890   0x00000060   Code   RO         4394    i.HAL_SPI_MspInit   spi.o
    0x080048f0   0x00000260   Code   RO         2595    i.HAL_SPI_Receive   stm32l0xx_hal_spi.o
    0x08004b50   0x000001da   Code   RO         2600    i.HAL_SPI_Transmit  stm32l0xx_hal_spi.o
    0x08004d2a   0x0000037e   Code   RO         2601    i.HAL_SPI_TransmitReceive  stm32l0xx_hal_spi.o
    0x080050a8   0x00000024   Code   RO          641    i.HAL_SYSTICK_CLKSourceConfig  stm32l0xx_hal_cortex.o
    0x080050cc   0x00000002   Code   RO          642    i.HAL_SYSTICK_Callback  stm32l0xx_hal_cortex.o
    0x080050ce   0x00000002   PAD
    0x080050d0   0x00000038   Code   RO          643    i.HAL_SYSTICK_Config  stm32l0xx_hal_cortex.o
    0x08005108   0x00000008   Code   RO          644    i.HAL_SYSTICK_IRQHandler  stm32l0xx_hal_cortex.o
    0x08005110   0x00000014   Code   RO          248    i.HAL_SuspendTick   stm32l0xx_hal.o
    0x08005124   0x00000062   Code   RO         3454    i.HAL_TIMEx_MasterConfigSynchronization  stm32l0xx_hal_tim_ex.o
    0x08005186   0x00000038   Code   RO         2821    i.HAL_TIM_Base_Init  stm32l0xx_hal_tim.o
    0x080051be   0x00000002   PAD
    0x080051c0   0x00000028   Code   RO         4558    i.HAL_TIM_Base_MspDeInit  timer-board.o
    0x080051e8   0x0000001c   Code   RO         4559    i.HAL_TIM_Base_MspInit  timer-board.o
    0x08005204   0x0000001e   Code   RO         2826    i.HAL_TIM_Base_Start_IT  stm32l0xx_hal_tim.o
    0x08005222   0x0000013e   Code   RO         2830    i.HAL_TIM_ConfigClockSource  stm32l0xx_hal_tim.o
    0x08005360   0x00000002   Code   RO         2850    i.HAL_TIM_IC_CaptureCallback  stm32l0xx_hal_tim.o
    0x08005362   0x0000017c   Code   RO         2863    i.HAL_TIM_IRQHandler  stm32l0xx_hal_tim.o
    0x080054de   0x00000002   Code   RO         2866    i.HAL_TIM_OC_DelayElapsedCallback  stm32l0xx_hal_tim.o
    0x080054e0   0x00000002   Code   RO         2893    i.HAL_TIM_PWM_PulseFinishedCallback  stm32l0xx_hal_tim.o
    0x080054e2   0x00000002   Code   RO         2900    i.HAL_TIM_PeriodElapsedCallback  stm32l0xx_hal_tim.o
    0x080054e4   0x00000002   Code   RO         2904    i.HAL_TIM_TriggerCallback  stm32l0xx_hal_tim.o
    0x080054e6   0x00000002   Code   RO         3836    i.HAL_UARTEx_WakeupCallback  stm32l0xx_hal_uart_ex.o
    0x080054e8   0x0000004c   Code   RO         3501    i.HAL_UART_DeInit   stm32l0xx_hal_uart.o
    0x08005534   0x00000002   Code   RO         3502    i.HAL_UART_ErrorCallback  stm32l0xx_hal_uart.o
    0x08005536   0x00000014   Code   RO         3504    i.HAL_UART_GetState  stm32l0xx_hal_uart.o
    0x0800554a   0x00000002   PAD
    0x0800554c   0x000001c0   Code   RO         3505    i.HAL_UART_IRQHandler  stm32l0xx_hal_uart.o
    0x0800570c   0x00000082   Code   RO         3506    i.HAL_UART_Init     stm32l0xx_hal_uart.o
    0x0800578e   0x00000002   PAD
    0x08005790   0x00000090   Code   RO         4202    i.HAL_UART_MspDeInit  usart.o
    0x08005820   0x000000c0   Code   RO         4203    i.HAL_UART_MspInit  usart.o
    0x080058e0   0x000000ec   Code   RO         3511    i.HAL_UART_Receive_IT  stm32l0xx_hal_uart.o
    0x080059cc   0x000001dc   Code   RO         4204    i.HAL_UART_RxCpltCallback  usart.o
    0x08005ba8   0x000000f0   Code   RO         3514    i.HAL_UART_Transmit  stm32l0xx_hal_uart.o
    0x08005c98   0x00000002   Code   RO         3517    i.HAL_UART_TxCpltCallback  stm32l0xx_hal_uart.o
    0x08005c9a   0x00000002   PAD
    0x08005c9c   0x00000018   Code   RO         6781    i.HardFault_Handler  stm32l0xx_it.o
    0x08005cb4   0x00000032   Code   RO         1344    i.I2C_Flush_TXDR    stm32l0xx_hal_i2c.o
    0x08005ce6   0x00000002   PAD
    0x08005ce8   0x00000094   Code   RO         1352    i.I2C_IsAcknowledgeFailed  stm32l0xx_hal_i2c.o
    0x08005d7c   0x00000092   Code   RO         1355    i.I2C_RequestMemoryRead  stm32l0xx_hal_i2c.o
    0x08005e0e   0x00000092   Code   RO         1356    i.I2C_RequestMemoryWrite  stm32l0xx_hal_i2c.o
    0x08005ea0   0x00000030   Code   RO         1359    i.I2C_TransferConfig  stm32l0xx_hal_i2c.o
    0x08005ed0   0x00000052   Code   RO         1360    i.I2C_WaitOnFlagUntilTimeout  stm32l0xx_hal_i2c.o
    0x08005f22   0x0000005a   Code   RO         1362    i.I2C_WaitOnSTOPFlagUntilTimeout  stm32l0xx_hal_i2c.o
    0x08005f7c   0x00000060   Code   RO         1363    i.I2C_WaitOnTXISFlagUntilTimeout  stm32l0xx_hal_i2c.o
    0x08005fdc   0x00000078   Code   RO         4946    i.InitBq24195       bq24195.o
    0x08006054   0x000000a0   Code   RO         4947    i.InitPower         bq24195.o
    0x080060f4   0x00000044   Code   RO         6861    i.IntoLowPower      user-app.o
    0x08006138   0x00000006   Code   RO         5655    i.LimitTxPower      loramac.o
    0x0800613e   0x00000002   PAD
    0x08006140   0x00000114   Code   RO         5656    i.LoRaMacChannelAdd  loramac.o
    0x08006254   0x0000005c   Code   RO         5657    i.LoRaMacChannelRemove  loramac.o
    0x080062b0   0x00000094   Code   RO         6122    i.LoRaMacComputeMic  loramaccrypto.o
    0x08006344   0x00000012   Code   RO         5906    i.LoRaMacGetUpLinkCounter  loramac-api-v3.o
    0x08006356   0x00000002   PAD
    0x08006358   0x00000044   Code   RO         5907    i.LoRaMacInit       loramac-api-v3.o
    0x0800639c   0x00000048   Code   RO         5908    i.LoRaMacInitNwkIds  loramac-api-v3.o
    0x080063e4   0x0000022c   Code   RO         5658    i.LoRaMacInitialization  loramac.o
    0x08006610   0x00000054   Code   RO         6123    i.LoRaMacJoinComputeMic  loramaccrypto.o
    0x08006664   0x0000008c   Code   RO         6124    i.LoRaMacJoinComputeSKeys  loramaccrypto.o
    0x080066f0   0x00000040   Code   RO         6125    i.LoRaMacJoinDecrypt  loramaccrypto.o
    0x08006730   0x00000164   Code   RO         5659    i.LoRaMacMcpsRequest  loramac.o
    0x08006894   0x0000016c   Code   RO         5660    i.LoRaMacMibGetRequestConfirm  loramac.o
    0x08006a00   0x000001c0   Code   RO         5661    i.LoRaMacMibSetRequestConfirm  loramac.o
    0x08006bc0   0x00000024   Code   RO         6126    i.LoRaMacPayloadDecrypt  loramaccrypto.o
    0x08006be4   0x000000e0   Code   RO         6127    i.LoRaMacPayloadEncrypt  loramaccrypto.o
    0x08006cc4   0x0000007c   Code   RO         5915    i.LoRaMacSendConfirmedFrame  loramac-api-v3.o
    0x08006d40   0x000000bc   Code   RO         5916    i.LoRaMacSendFrame  loramac-api-v3.o
    0x08006dfc   0x00000012   Code   RO         5919    i.LoRaMacSetAdrOn   loramac-api-v3.o
    0x08006e0e   0x00000012   Code   RO         5925    i.LoRaMacSetDeviceClass  loramac-api-v3.o
    0x08006e20   0x0000000c   Code   RO         5667    i.LoRaMacTestSetDutyCycleOn  loramac.o
    0x08006e2c   0x00000094   Code   RO         5344    i.LoRaPower_Init    gpio.o
    0x08006ec0   0x00000060   Code   RO         4775    i.MX_ADC_Init       adc.o
    0x08006f20   0x0000005c   Code   RO         4982    i.MX_I2C2_Init      i2c.o
    0x08006f7c   0x00000044   Code   RO         4205    i.MX_USART1_UART_Init  usart.o
    0x08006fc0   0x00000060   Code   RO         4206    i.MX_USART2_UART_Init  usart.o
    0x08007020   0x00000060   Code   RO         5935    i.McpsConfirm       loramac-api-v3.o
    0x08007080   0x0000008c   Code   RO         5936    i.McpsIndication    loramac-api-v3.o
    0x0800710c   0x000000b0   Code   RO         5937    i.MlmeConfirm       loramac-api-v3.o
    0x080071bc   0x00000002   Code   RO         6782    i.NMI_Handler       stm32l0xx_it.o
    0x080071be   0x00000002   PAD
    0x080071c0   0x00000078   Code   RO          645    i.NVIC_SetPriority  stm32l0xx_hal_cortex.o
    0x08007238   0x0000007c   Code   RO         5670    i.OnAckTimeoutTimerEvent  loramac.o
    0x080072b4   0x00000018   Code   RO         6983    i.OnCsmaTimerEvent  lora-cad.o
    0x080072cc   0x00000214   Code   RO         6863    i.OnMacEvent        user-app.o
    0x080074e0   0x00000474   Code   RO         5671    i.OnMacStateCheckTimerEvent  loramac.o
    0x08007954   0x00000064   Code   RO         5672    i.OnRadioCadDone    loramac.o
    0x080079b8   0x000008c4   Code   RO         5673    i.OnRadioRxDone     loramac.o
    0x0800827c   0x000000b8   Code   RO         5674    i.OnRadioRxError    loramac.o
    0x08008334   0x000000a8   Code   RO         5675    i.OnRadioRxTimeout  loramac.o
    0x080083dc   0x00000250   Code   RO         5676    i.OnRadioTxDone     loramac.o
    0x0800862c   0x00000044   Code   RO         5677    i.OnRadioTxTimeout  loramac.o
    0x08008670   0x000000f8   Code   RO         5678    i.OnRxWindow1TimerEvent  loramac.o
    0x08008768   0x00000138   Code   RO         5679    i.OnRxWindow2TimerEvent  loramac.o
    0x080088a0   0x00000090   Code   RO         5680    i.OnTxDelayedTimerEvent  loramac.o
    0x08008930   0x00000002   Code   RO         6783    i.PendSV_Handler    stm32l0xx_it.o
    0x08008932   0x00000002   PAD
    0x08008934   0x00000434   Code   RO         5681    i.PrepareFrame      loramac.o
    0x08008d68   0x000000ac   Code   RO         5682    i.PrepareRxDoneAbort  loramac.o
    0x08008e14   0x00000474   Code   RO         5683    i.ProcessMacCommands  loramac.o
    0x08009288   0x00000098   Code   RO         2014    i.RCC_SetFlashLatencyFromMSIRange  stm32l0xx_hal_rcc.o
    0x08009320   0x00000010   Code   RO         6709    i.RFTXDONE          main.o
    0x08009330   0x0000001a   Code   RO         2243    i.RTC_Bcd2ToByte    stm32l0xx_hal_rtc.o
    0x0800934a   0x0000001a   Code   RO         2244    i.RTC_ByteToBcd2    stm32l0xx_hal_rtc.o
    0x08009364   0x00000042   Code   RO         2245    i.RTC_EnterInitMode  stm32l0xx_hal_rtc.o
    0x080093a6   0x00000002   PAD
    0x080093a8   0x00000018   Code   RO         6784    i.RTC_IRQHandler    stm32l0xx_it.o
    0x080093c0   0x000001f4   Code   RO         6868    i.ReadFlashData     user-app.o
    0x080095b4   0x00000080   Code   RO         4455    i.RtcInit           rtc-board.o
    0x08009634   0x000000b8   Code   RO         5418    i.RxChainCalibration  sx1276.o
    0x080096ec   0x00000036   Code   RO         6869    i.RxLed             user-app.o
    0x08009722   0x00000002   PAD
    0x08009724   0x0000019c   Code   RO         5684    i.RxWindowSetup     loramac.o
    0x080098c0   0x00000064   Code   RO         4395    i.SPI1_Init         spi.o
    0x08009924   0x00000068   Code   RO         4396    i.SPI1_NSS          spi.o
    0x0800998c   0x00000048   Code   RO         4397    i.SPI1_Read         spi.o
    0x080099d4   0x0000003c   Code   RO         4398    i.SPI1_Write        spi.o
    0x08009a10   0x00000118   Code   RO         2622    i.SPI_WaitOnFlagUntilTimeout  stm32l0xx_hal_spi.o
    0x08009b28   0x00000002   Code   RO         6785    i.SVC_Handler       stm32l0xx_it.o
    0x08009b2a   0x00000002   PAD
    0x08009b2c   0x0000000c   Code   RO         4658    i.SX1276AntSwDeInit  sx1276-board.o
    0x08009b38   0x0000000c   Code   RO         4659    i.SX1276AntSwInit   sx1276-board.o
    0x08009b44   0x00000006   Code   RO         4660    i.SX1276CheckRfFrequency  sx1276-board.o
    0x08009b4a   0x00000002   PAD
    0x08009b4c   0x00000078   Code   RO         5345    i.SX1276EXTI_Init   gpio.o
    0x08009bc4   0x0000004c   Code   RO         5346    i.SX1276GPIO_Init   gpio.o
    0x08009c10   0x00000014   Code   RO         4661    i.SX1276GetPaSelect  sx1276-board.o
    0x08009c24   0x0000000c   Code   RO         5419    i.SX1276GetStatus   sx1276.o
    0x08009c30   0x000002a0   Code   RO         5420    i.SX1276GetTimeOnAir  sx1276.o
    0x08009ed0   0x00000088   Code   RO         5421    i.SX1276Init        sx1276.o
    0x08009f58   0x0000000c   Code   RO         4663    i.SX1276IoInit      sx1276-board.o
    0x08009f64   0x0000003a   Code   RO         5422    i.SX1276IsChannelFree  sx1276.o
    0x08009f9e   0x00000002   PAD
    0x08009fa0   0x00000418   Code   RO         5423    i.SX1276OnDio0Irq   sx1276.o
    0x0800a3b8   0x0000018c   Code   RO         5424    i.SX1276OnDio1Irq   sx1276.o
    0x0800a544   0x0000014c   Code   RO         5425    i.SX1276OnDio2Irq   sx1276.o
    0x0800a690   0x000000f4   Code   RO         5429    i.SX1276OnTimeoutIrq  sx1276.o
    0x0800a784   0x00000040   Code   RO         5430    i.SX1276Random      sx1276.o
    0x0800a7c4   0x00000014   Code   RO         5431    i.SX1276Read        sx1276.o
    0x0800a7d8   0x0000003c   Code   RO         5432    i.SX1276ReadBuffer  sx1276.o
    0x0800a814   0x00000012   Code   RO         5433    i.SX1276ReadFifo    sx1276.o
    0x0800a826   0x00000002   PAD
    0x0800a828   0x00000070   Code   RO         5434    i.SX1276ReadRssi    sx1276.o
    0x0800a898   0x00000028   Code   RO         5435    i.SX1276Reset       sx1276.o
    0x0800a8c0   0x0000014c   Code   RO         5436    i.SX1276Send        sx1276.o
    0x0800aa0c   0x00000018   Code   RO         4664    i.SX1276SetAntSw    sx1276-board.o
    0x0800aa24   0x00000024   Code   RO         4665    i.SX1276SetAntSwLowPower  sx1276-board.o
    0x0800aa48   0x00000048   Code   RO         5437    i.SX1276SetChannel  sx1276.o
    0x0800aa90   0x0000003c   Code   RO         5438    i.SX1276SetMaxPayloadLength  sx1276.o
    0x0800aacc   0x00000080   Code   RO         5439    i.SX1276SetModem    sx1276.o
    0x0800ab4c   0x00000050   Code   RO         5440    i.SX1276SetOpMode   sx1276.o
    0x0800ab9c   0x000003f4   Code   RO         5441    i.SX1276SetRx       sx1276.o
    0x0800af90   0x0000029c   Code   RO         5442    i.SX1276SetRxConfig  sx1276.o
    0x0800b22c   0x00000028   Code   RO         5443    i.SX1276SetSleep    sx1276.o
    0x0800b254   0x00000028   Code   RO         5444    i.SX1276SetStby     sx1276.o
    0x0800b27c   0x000000cc   Code   RO         5445    i.SX1276SetTx       sx1276.o
    0x0800b348   0x00000324   Code   RO         5446    i.SX1276SetTxConfig  sx1276.o
    0x0800b66c   0x00000048   Code   RO         5447    i.SX1276StartCad    sx1276.o
    0x0800b6b4   0x00000010   Code   RO         5448    i.SX1276Write       sx1276.o
    0x0800b6c4   0x0000003e   Code   RO         5449    i.SX1276WriteBuffer  sx1276.o
    0x0800b702   0x00000012   Code   RO         5450    i.SX1276WriteFifo   sx1276.o
    0x0800b714   0x000000e4   Code   RO         5685    i.ScheduleTx        loramac.o
    0x0800b7f8   0x0000008c   Code   RO         5686    i.Send              loramac.o
    0x0800b884   0x00000036   Code   RO         6870    i.SendDoneLed       user-app.o
    0x0800b8ba   0x00000002   PAD
    0x0800b8bc   0x00000234   Code   RO         5687    i.SendFrameOnChannel  loramac.o
    0x0800baf0   0x0000002e   Code   RO         5055    i.SetBatteryRechargeThreshold  user_bq24195.o
    0x0800bb1e   0x0000002e   Code   RO         5058    i.SetChargeType     user_bq24195.o
    0x0800bb4c   0x00000040   Code   RO         5062    i.SetEnableChargeTimer  user_bq24195.o
    0x0800bb8c   0x00000040   Code   RO         5068    i.SetHighImpedanceMode  user_bq24195.o
    0x0800bbcc   0x0000002e   Code   RO         5069    i.SetInputCurrentLimit  user_bq24195.o
    0x0800bbfa   0x0000002e   Code   RO         5070    i.SetInputVoltageLimit  user_bq24195.o
    0x0800bc28   0x0000002e   Code   RO         5071    i.SetMiniSysVoltage  user_bq24195.o
    0x0800bc56   0x00000002   PAD
    0x0800bc58   0x0000020c   Code   RO         5688    i.SetNextChannel    loramac.o
    0x0800be64   0x00000038   Code   RO         5689    i.SetPublicNetwork  loramac.o
    0x0800be9c   0x0000002e   Code   RO         5076    i.SetWdgTimer       user_bq24195.o
    0x0800beca   0x0000001a   Code   RO         5392    i.StmFlashRead      stmflash.o
    0x0800bee4   0x0000003c   Code   RO         6871    i.StringConversion  user-app.o
    0x0800bf20   0x00000078   Code   RO         6639    i.SysTick_Handler   clock.o
    0x0800bf98   0x000000a4   Code   RO         5286    i.SystemClockConfig  board.o
    0x0800c03c   0x00000090   Code   RO         5287    i.SystemClockReConfig  board.o
    0x0800c0cc   0x00000068   Code   RO           13    i.SystemInit        system_stm32l0xx.o
    0x0800c134   0x00000034   Code   RO         6786    i.TIM2_IRQHandler   stm32l0xx_it.o
    0x0800c168   0x00000084   Code   RO         2905    i.TIM_Base_SetConfig  stm32l0xx_hal_tim.o
    0x0800c1ec   0x0000001e   Code   RO         2912    i.TIM_ETR_SetConfig  stm32l0xx_hal_tim.o
    0x0800c20a   0x0000001a   Code   RO         2913    i.TIM_ITRx_SetConfig  stm32l0xx_hal_tim.o
    0x0800c224   0x00000036   Code   RO         2919    i.TIM_TI1_ConfigInputStage  stm32l0xx_hal_tim.o
    0x0800c25a   0x00000036   Code   RO         2921    i.TIM_TI2_ConfigInputStage  stm32l0xx_hal_tim.o
    0x0800c290   0x00000020   Code   RO         4816    i.TimerExists       timerserver.o
    0x0800c2b0   0x00000008   Code   RO         4817    i.TimerGetCurrentTime  timerserver.o
    0x0800c2b8   0x00000008   Code   RO         4819    i.TimerGetValue     timerserver.o
    0x0800c2c0   0x0000002c   Code   RO         4563    i.TimerHwGetElapsedTime  timer-board.o
    0x0800c2ec   0x00000018   Code   RO         4564    i.TimerHwGetMinimumTimeout  timer-board.o
    0x0800c304   0x00000018   Code   RO         4565    i.TimerHwGetTime    timer-board.o
    0x0800c31c   0x00000018   Code   RO         4566    i.TimerHwGetTimerValue  timer-board.o
    0x0800c334   0x00000068   Code   RO         4567    i.TimerHwInit       timer-board.o
    0x0800c39c   0x00000044   Code   RO         4568    i.TimerHwStart      timer-board.o
    0x0800c3e0   0x0000001c   Code   RO         4570    i.TimerIncrementTickCounter  timer-board.o
    0x0800c3fc   0x0000000e   Code   RO         4820    i.TimerInit         timerserver.o
    0x0800c40a   0x00000002   PAD
    0x0800c40c   0x00000030   Code   RO         4821    i.TimerInsertNewHeadTimer  timerserver.o
    0x0800c43c   0x00000074   Code   RO         4822    i.TimerInsertTimer  timerserver.o
    0x0800c4b0   0x000000a4   Code   RO         4823    i.TimerIrqHandler   timerserver.o
    0x0800c554   0x00000018   Code   RO         4827    i.TimerSetTimeout   timerserver.o
    0x0800c56c   0x00000020   Code   RO         4828    i.TimerSetValue     timerserver.o
    0x0800c58c   0x00000088   Code   RO         4829    i.TimerStart        timerserver.o
    0x0800c614   0x000000ec   Code   RO         4830    i.TimerStop         timerserver.o
    0x0800c700   0x000000f0   Code   RO         3519    i.UART_AdvFeatureConfig  stm32l0xx_hal_uart.o
    0x0800c7f0   0x00000074   Code   RO         3520    i.UART_CheckIdleState  stm32l0xx_hal_uart.o
    0x0800c864   0x00000018   Code   RO         3521    i.UART_DMAAbortOnError  stm32l0xx_hal_uart.o
    0x0800c87c   0x00000022   Code   RO         3531    i.UART_EndRxTransfer  stm32l0xx_hal_uart.o
    0x0800c89e   0x00000020   Code   RO         3532    i.UART_EndTransmit_IT  stm32l0xx_hal_uart.o
    0x0800c8be   0x00000090   Code   RO         3534    i.UART_Receive_IT   stm32l0xx_hal_uart.o
    0x0800c94e   0x00000002   PAD
    0x0800c950   0x000003f0   Code   RO         3535    i.UART_SetConfig    stm32l0xx_hal_uart.o
    0x0800cd40   0x00000072   Code   RO         3536    i.UART_Transmit_IT  stm32l0xx_hal_uart.o
    0x0800cdb2   0x00000070   Code   RO         3537    i.UART_WaitOnFlagUntilTimeout  stm32l0xx_hal_uart.o
    0x0800ce22   0x00000002   PAD
    0x0800ce24   0x00000058   Code   RO         6787    i.USART2_IRQHandler  stm32l0xx_it.o
    0x0800ce7c   0x00000080   Code   RO         6788    i.USART4_5_IRQHandler  stm32l0xx_it.o
    0x0800cefc   0x000000cc   Code   RO         6872    i.UserAppInit       user-app.o
    0x0800cfc8   0x000000b4   Code   RO         6873    i.UserAppSend       user-app.o
    0x0800d07c   0x00000250   Code   RO         6984    i.UserChannelAddFun  lora-cad.o
    0x0800d2cc   0x00000074   Code   RO         6985    i.UserListenAagain  lora-cad.o
    0x0800d340   0x00000044   Code   RO         5690    i.ValidatePayloadLength  loramac.o
    0x0800d384   0x00000012   Code   RO         5691    i.ValueInRange      loramac.o
    0x0800d396   0x00000002   PAD
    0x0800d398   0x00000020   Code   RO         7307    i.__0printf         mc_p.l(printfa.o)
    0x0800d3b8   0x0000002e   Code   RO         7465    i.__ARM_clz         mf_p.l(depilogue.o)
    0x0800d3e6   0x00000030   Code   RO         3822    i.__ARM_common_ll_muluu  stm32l0xx_hal_uart.o
    0x0800d416   0x0000001c   Code   RO         3447    i.__ARM_common_switch8  stm32l0xx_hal_tim.o
    0x0800d432   0x0000000e   Code   RO         7488    i.__scatterload_copy  mc_p.l(handlers.o)
    0x0800d440   0x00000002   Code   RO         7489    i.__scatterload_null  mc_p.l(handlers.o)
    0x0800d442   0x0000000e   Code   RO         7490    i.__scatterload_zeroinit  mc_p.l(handlers.o)
    0x0800d450   0x00000158   Code   RO         7314    i._fp_digits        mc_p.l(printfa.o)
    0x0800d5a8   0x000006ec   Code   RO         7315    i._printf_core      mc_p.l(printfa.o)
    0x0800dc94   0x00000020   Code   RO         7316    i._printf_post_padding  mc_p.l(printfa.o)
    0x0800dcb4   0x0000002c   Code   RO         7317    i._printf_pre_padding  mc_p.l(printfa.o)
    0x0800dce0   0x00000010   Code   RO         6231    i.add_round_key     aes.o
    0x0800dcf0   0x0000004c   Code   RO         6498    i.add_timer         etimer.o
    0x0800dd3c   0x0000005a   Code   RO         6233    i.aes_encrypt       aes.o
    0x0800dd96   0x00000002   PAD
    0x0800dd98   0x0000011c   Code   RO         6234    i.aes_set_key       aes.o
    0x0800deb4   0x00000034   Code   RO         6710    i.app_mac_cb        main.o
    0x0800dee8   0x0000001e   Code   RO         6323    i.autostart_start   autostart.o
    0x0800df06   0x00000002   PAD
    0x0800df08   0x00000050   Code   RO         6360    i.call_process      process.o
    0x0800df58   0x000000c8   Code   RO         7034    i.ceil              m_ps.l(ceil.o)
    0x0800e020   0x00000028   Code   RO         6640    i.clock_init        clock.o
    0x0800e048   0x0000000c   Code   RO         6642    i.clock_time        clock.o
    0x0800e054   0x00000024   Code   RO         6235    i.copy_and_key      aes.o
    0x0800e078   0x00000012   Code   RO         6236    i.copy_block        aes.o
    0x0800e08a   0x00000018   Code   RO         6237    i.copy_block_nn     aes.o
    0x0800e0a2   0x00000002   PAD
    0x0800e0a4   0x00000014   Code   RO         4513    i.delay_init        delay.o
    0x0800e0b8   0x00000018   Code   RO         4514    i.delay_ms          delay.o
    0x0800e0d0   0x00000048   Code   RO         4515    i.delay_us          delay.o
    0x0800e118   0x000000e8   Code   RO         6361    i.do_event          process.o
    0x0800e200   0x00000038   Code   RO         6362    i.do_poll           process.o
    0x0800e238   0x00000010   Code   RO         6501    i.etimer_expired    etimer.o
    0x0800e248   0x00000014   Code   RO         6503    i.etimer_pending    etimer.o
    0x0800e25c   0x00000010   Code   RO         6504    i.etimer_request_poll  etimer.o
    0x0800e26c   0x00000016   Code   RO         6507    i.etimer_set        etimer.o
    0x0800e282   0x00000002   PAD
    0x0800e284   0x000000a0   Code   RO         6363    i.exit_process      process.o
    0x0800e324   0x000000c8   Code   RO         7038    i.floor             m_ps.l(floor.o)
    0x0800e3ec   0x0000001c   Code   RO         4208    i.fputc             usart.o
    0x0800e408   0x000000d4   Code   RO         6711    i.main              main.o
    0x0800e4dc   0x0000006c   Code   RO         7336    i.malloc            mc_p.l(malloc.o)
    0x0800e548   0x00000018   Code   RO         6176    i.memcpy1           utilities.o
    0x0800e560   0x0000001c   Code   RO         6177    i.memcpyr           utilities.o
    0x0800e57c   0x00000010   Code   RO         6178    i.memset1           utilities.o
    0x0800e58c   0x00000284   Code   RO         6238    i.mix_sub_columns   aes.o
    0x0800e810   0x00000030   Code   RO         6366    i.process_init      process.o
    0x0800e840   0x00000010   Code   RO         6367    i.process_is_running  process.o
    0x0800e850   0x00000020   Code   RO         6369    i.process_poll      process.o
    0x0800e870   0x00000074   Code   RO         6370    i.process_post      process.o
    0x0800e8e4   0x00000020   Code   RO         6371    i.process_post_synch  process.o
    0x0800e904   0x00000028   Code   RO         6372    i.process_run       process.o
    0x0800e92c   0x00000040   Code   RO         6373    i.process_start     process.o
    0x0800e96c   0x00000060   Code   RO         6712    i.process_thread_GPSLocation_process  main.o
    0x0800e9cc   0x000001d0   Code   RO         6713    i.process_thread_SX1278Send_process  main.o
    0x0800eb9c   0x000000e8   Code   RO         6510    i.process_thread_etimer_process  etimer.o
    0x0800ec84   0x00000020   Code   RO         6714    i.processset        main.o
    0x0800eca4   0x00000030   Code   RO         6179    i.rand1             utilities.o
    0x0800ecd4   0x0000001a   Code   RO         6180    i.randr             utilities.o
    0x0800ecee   0x00000002   PAD
    0x0800ecf0   0x0000009c   Code   RO         7051    i.round             m_ps.l(round.o)
    0x0800ed8c   0x00000070   Code   RO         6239    i.shift_sub_rows    aes.o
    0x0800edfc   0x0000000c   Code   RO         6181    i.srand1            utilities.o
    0x0800ee08   0x0000001c   Code   RO         6459    i.timer_expired     timer.o
    0x0800ee24   0x00000010   Code   RO         6463    i.timer_set         timer.o
    0x0800ee34   0x00000050   Code   RO         6511    i.update_time       etimer.o
    0x0800ee84   0x00000022   Code   RO         6240    i.xor_block         aes.o
    0x0800eea6   0x00000021   Data   RO           14    .constdata          system_stm32l0xx.o
    0x0800eec7   0x00000001   PAD
    0x0800eec8   0x00000054   Data   RO         4666    .constdata          sx1276-board.o
    0x0800ef1c   0x00000140   Data   RO         5452    .constdata          sx1276.o
    0x0800f05c   0x000000b2   Data   RO         5693    .constdata          loramac.o
    0x0800f10e   0x00000011   Data   RO         5939    .constdata          loramac-api-v3.o
    0x0800f11f   0x00000300   Data   RO         6241    .constdata          aes.o
    0x0800f41f   0x00000001   PAD
    0x0800f420   0x0000000c   Data   RO         6716    .constdata          main.o
    0x0800f42c   0x00000012   Data   RO         6789    .constdata          stm32l0xx_it.o
    0x0800f43e   0x0000000c   Data   RO         6876    .constdata          user-app.o
    0x0800f44a   0x00000002   PAD
    0x0800f44c   0x000000e8   Data   RO         6988    .constdata          lora-cad.o
    0x0800f534   0x00000040   Data   RO         7484    .constdata          mc_p.l(ctype_c.o)
    0x0800f574   0x0000004f   Data   RO         5019    .conststring        power.o
    0x0800f5c3   0x00000001   PAD
    0x0800f5c4   0x00000047   Data   RO         5694    .conststring        loramac.o
    0x0800f60b   0x00000001   PAD
    0x0800f60c   0x0000000c   Data   RO         6512    .conststring        etimer.o
    0x0800f618   0x00000028   Data   RO         6717    .conststring        main.o
    0x0800f640   0x00000020   Data   RO         7486    Region$$Table       anon$$obj.o


    Execution Region RW_IRAM1 (Base: 0x20000000, Size: 0x00001bc8, Max: 0x00005000, ABSOLUTE, COMPRESSED[0x00000078])

    Base Addr    Size         Type   Attr      Idx    E Section Name        Object

    0x20000000   0x00000004   Data   RW           15    .data               system_stm32l0xx.o
    0x20000004   0x00000004   Data   RW          249    .data               stm32l0xx_hal.o
    0x20000008   0x00000004   Data   RW         4516    .data               delay.o
    0x2000000c   0x00000004   PAD
    0x20000010   0x0000001c   Data   RW         4572    .data               timer-board.o
    0x2000002c   0x00000001   Data   RW         4667    .data               sx1276-board.o
    0x2000002d   0x00000003   PAD
    0x20000030   0x00000008   Data   RW         4831    .data               timerserver.o
    0x20000038   0x00000001   Data   RW         4948    .data               bq24195.o
    0x20000039   0x00000002   Data   RW         5288    .data               board.o
    0x2000003b   0x00000001   PAD
    0x2000003c   0x00000006   Data   RW         5453    .data               sx1276.o
    0x20000042   0x00000002   PAD
    0x20000044   0x0000019d   Data   RW         5695    .data               loramac.o
    0x200001e1   0x00000003   PAD
    0x200001e4   0x00000010   Data   RW         5940    .data               loramac-api-v3.o
    0x200001f4   0x00000020   Data   RW         6129    .data               loramaccrypto.o
    0x20000214   0x00000004   Data   RW         6182    .data               utilities.o
    0x20000218   0x0000001d   Data   RW         6375    .data               process.o
    0x20000235   0x00000003   PAD
    0x20000238   0x00000018   Data   RW         6513    .data               etimer.o
    0x20000250   0x00000018   Data   RW         6643    .data               clock.o
    0x20000268   0x00000029   Data   RW         6718    .data               main.o
    0x20000291   0x00000003   PAD
    0x20000294   0x0000005f   Data   RW         6877    .data               user-app.o
    0x200002f3   0x00000001   PAD
    0x200002f4   0x00000008   Data   RW         6989    .data               lora-cad.o
    0x200002fc   0x00000004   Data   RW         7438    .data               mc_p.l(stdout.o)
    0x20000300   0x00000004   Data   RW         7445    .data               mc_p.l(mvars.o)
    0x20000304   0x00000004   Data   RW         7446    .data               mc_p.l(mvars.o)
    0x20000308   0x000005b0   Zero   RW         4209    .bss                usart.o
    0x200008b8   0x000000d8   Zero   RW         4399    .bss                spi.o
    0x20000990   0x00000024   Zero   RW         4457    .bss                rtc-board.o
    0x200009b4   0x00000038   Zero   RW         4571    .bss                timer-board.o
    0x200009ec   0x00000060   Zero   RW         4776    .bss                adc.o
    0x20000a4c   0x0000004c   Zero   RW         4983    .bss                i2c.o
    0x20000a98   0x0000019c   Zero   RW         5451    .bss                sx1276.o
    0x20000c34   0x000003ec   Zero   RW         5692    .bss                loramac.o
    0x20001020   0x00000024   Zero   RW         5938    .bss                loramac-api-v3.o
    0x20001044   0x0000022c   Zero   RW         6128    .bss                loramaccrypto.o
    0x20001270   0x00000180   Zero   RW         6374    .bss                process.o
    0x200013f0   0x00000020   Zero   RW         6715    .bss                main.o
    0x20001410   0x00000198   Zero   RW         6875    .bss                user-app.o
    0x200015a8   0x00000020   Zero   RW         6987    .bss                lora-cad.o
    0x200015c8   0x00000200   Zero   RW            2    HEAP                startup_stm32l073xx.o
    0x200017c8   0x00000400   Zero   RW            1    STACK               startup_stm32l073xx.o


==============================================================================

Image component sizes


      Code (inc. data)   RO Data    RW Data    ZI Data      Debug   Object Name

       340         34          0          0         96       2878   adc.o
      1258         22        768          0          0      14052   aes.o
        30          0          0          0          0       5209   autostart.o
      1028        108          0          2          0       3375   board.o
       280         66          0          1          0       1760   bq24195.o
       172         30          0         24          0       2514   clock.o
       674          0          0          0          0       3837   cmac.o
       128         14          0          4          0       2285   delay.o
       462         34         12         24          0       5378   etimer.o
       228         60          0          0          0       1981   gpio-board.o
       364         32          0          0          0       2633   gpio.o
       220         40          0          0         76       2105   i2c.o
       732         52        232          8         32       2601   lora-cad.o
       918        168         17         16         36       7401   loramac-api-v3.o
     12326       2848        249        413       1004      30910   loramac.o
       696         46          0         32        556       6999   loramaccrypto.o
       892        364         52         41         32       5690   main.o
       340         40         79          0          0        671   power.o
       876        126          0         29        384       9908   process.o
       160         18          0          0         36       1844   rtc-board.o
       496        108          0          0        216       3880   spi.o
        28          8        192          0       1536        732   startup_stm32l073xx.o
       140         30          0          4          0       3862   stm32l0xx_hal.o
      2022         70          0          0          0       8753   stm32l0xx_hal_adc.o
       216          0          0          0          0       1422   stm32l0xx_hal_adc_ex.o
       288         36          0          0          0      12745   stm32l0xx_hal_cortex.o
       180          6          0          0          0       1063   stm32l0xx_hal_dma.o
       844         68          0          0          0       3533   stm32l0xx_hal_gpio.o
      1988         26          0          0          0      11631   stm32l0xx_hal_i2c.o
       224          0          0          0          0       1803   stm32l0xx_hal_i2c_ex.o
        64          6          0          0          0        514   stm32l0xx_hal_msp_template.o
       152         22          0          0          0       1786   stm32l0xx_hal_pwr.o
        40          8          0          0          0        993   stm32l0xx_hal_pwr_ex.o
      2716        116          0          0          0       6680   stm32l0xx_hal_rcc.o
      1592         54          0          0          0       2913   stm32l0xx_hal_rcc_ex.o
      1452         40          0          0          0       6734   stm32l0xx_hal_rtc.o
         2          0          0          0          0        892   stm32l0xx_hal_rtc_ex.o
      2456          0          0          0          0       6143   stm32l0xx_hal_spi.o
      1118         12          0          0          0       9146   stm32l0xx_hal_tim.o
        98          0          0          0          0       1048   stm32l0xx_hal_tim_ex.o
      3026         68          0          0          0      12630   stm32l0xx_hal_uart.o
         2          0          0          0          0        872   stm32l0xx_hal_uart_ex.o
       426        106         18          0          0       4801   stm32l0xx_it.o
        26          0          0          0          0        947   stmflash.o
       122         22         84          1          0       5588   sx1276-board.o
      7056        568        320          6        412      25323   sx1276.o
       104         16         33          4          0     442623   system_stm32l0xx.o
       384         48          0         28         56       5430   timer-board.o
        44          0          0          0          0       1888   timer.o
       818         36          0          8          0       7319   timerserver.o
      1004        172          0          0       1456      20761   usart.o
      1652        446         12         95        408       8794   user-app.o
       604         70          0          0          0       6871   user_bq24195.o
       154         24          0          4          0       3899   utilities.o

    ----------------------------------------------------------------------
     53732       6288       2106        764       6336     748050   Object Totals
         0          0         32          0          0          0   (incl. Generated)
        70          0          6         20          0          0   (incl. Padding)

    ----------------------------------------------------------------------

      Code (inc. data)   RO Data    RW Data    ZI Data      Debug   Library Member Name

       200         20          0          0          0         76   ceil.o
       200         20          0          0          0         76   floor.o
       156         14          0          0          0         84   round.o
        60         10          0          0          0         84   __0sscanf.o
        86          0          0          0          0          0   __dczerorl2.o
        30          0          0          0          0         60   _chval.o
       824         12          0          0          0         84   _scanf.o
       330          0          0          0          0         84   _scanf_int.o
        68          0          0          0          0         76   _sgetc.o
        36          4         64          0          0         60   ctype_c.o
         0          0          0          0          0          0   entry.o
         0          0          0          0          0          0   entry10a.o
         0          0          0          0          0          0   entry11a.o
         8          4          0          0          0          0   entry2.o
         4          0          0          0          0          0   entry5.o
         0          0          0          0          0          0   entry7b.o
         0          0          0          0          0          0   entry8b.o
         8          4          0          0          0          0   entry9a.o
        30          0          0          0          0          0   handlers.o
        40          0          0          0          0         72   idiv.o
        36          8          0          0          0         68   init.o
        14          0          0          0          0         68   isspace_c.o
         0          0          0          0          0          0   iusefp.o
       122          0          0          0          0         84   llmul.o
        32          0          0          0          0         68   llshl.o
        38          0          0          0          0         68   llsshr.o
        34          0          0          0          0         68   llushr.o
       108         16          0          0          0         76   malloc.o
        36          0          0          0          0         60   memcpya.o
        36          0          0          0          0        100   memseta.o
         0          0          0          8          0          0   mvars.o
      2224         98          0          0          0        412   printfa.o
        44          8          0          0          0         84   scanf_char.o
         0          0          0          4          0          0   stdout.o
        28          0          0          0          0         68   strcmp.o
        14          0          0          0          0         60   strlen.o
        44          0          0          0          0         72   uidiv.o
        96          0          0          0          0         84   uldiv.o
        40          2          0          0          0         68   cdcmple.o
        40          2          0          0          0         68   cdrcmple.o
        20          0          0          0          0         68   cfrcmple.o
       356          4          0          0          0        140   dadd.o
       240          6          0          0          0         84   ddiv.o
       236          0          0          0          0        216   depilogue.o
        72         10          0          0          0         72   dfixi.o
        60         10          0          0          0         68   dfixui.o
        64         10          0          0          0         68   dfixul.o
        40          6          0          0          0         68   dflti.o
        28          4          0          0          0         68   dfltui.o
       208          6          0          0          0         88   dmul.o
       124         10          0          0          0         76   drnd.o
        40          0          0          0          0         60   f2d.o
       178          0          0          0          0        108   fadd.o
       124          0          0          0          0         72   fdiv.o
       130          0          0          0          0        144   fepilogue.o
        40          0          0          0          0         60   ffixui.o
        14          0          0          0          0         68   ffltui.o
       122          0          0          0          0         72   fmul.o

    ----------------------------------------------------------------------
      7170        288         64         12          0       3932   Library Totals
         8          0          0          0          0          0   (incl. Padding)

    ----------------------------------------------------------------------

      Code (inc. data)   RO Data    RW Data    ZI Data      Debug   Library Name

       556         54          0          0          0        236   m_ps.l
      4430        164         64         12          0       1960   mc_p.l
      2176         70          0          0          0       1736   mf_p.l

    ----------------------------------------------------------------------
      7170        288         64         12          0       3932   Library Totals

    ----------------------------------------------------------------------

==============================================================================


      Code (inc. data)   RO Data    RW Data    ZI Data      Debug   

     60902       6576       2170        776       6336     735242   Grand Totals
     60902       6576       2170        120       6336     735242   ELF Image Totals (compressed)
     60902       6576       2170        120          0          0   ROM Totals

==============================================================================

    Total RO  Size (Code + RO Data)                63072 (  61.59kB)
    Total RW  Size (RW Data + ZI Data)              7112 (   6.95kB)
    Total ROM Size (Code + RO Data + RW Data)      63192 (  61.71kB)

==============================================================================

